# Bake Begins!
### (1 of 6) Copy sources
$ cp -a /home/travis/build/fontdirectory/rokkitt/METADATA.json /home/travis/build/fontdirectory/rokkitt/builds/build
$ cp -a /home/travis/build/fontdirectory/rokkitt/DESCRIPTION.en_us.html /home/travis/build/fontdirectory/rokkitt/builds/build
$ cp -a Rokkitt-Regular.ttf.ttx Rokkitt-Bold.ttf.ttx Rokkitt-Light.ttf.ttx src/Rokkitt-Light.otf.ttx src/Rokkitt-Regular.otf.ttx src/Rokkitt-Bold.otf.ttx src/Rokkitt-Light-TTF.sfd src/Rokkitt-Regular-TTF.sfd src/Rokkitt-Bold.sfd src/Rokkitt-Bold-TTF.sfd Rokkitt-Regular.ttf._g_l_y_f.ttx Rokkitt-Regular.ttf._l_o_c_a.ttx Rokkitt-Regular.ttf._h_h_e_a.ttx Rokkitt-Regular.ttf._p_o_s_t.ttx Rokkitt-Regular.ttf._h_e_a_d.ttx Rokkitt-Regular.ttf._n_a_m_e.ttx Rokkitt-Regular.ttf._p_r_e_p.ttx Rokkitt-Regular.ttf._c_v_t.ttx Rokkitt-Regular.ttf.GlyphOrder.ttx Rokkitt-Regular.ttf._m_a_x_p.ttx Rokkitt-Regular.ttf._f_p_g_m.ttx Rokkitt-Regular.ttf._g_a_s_p.ttx Rokkitt-Regular.ttf._h_m_t_x.ttx Rokkitt-Regular.ttf._c_m_a_p.ttx Rokkitt-Regular.ttf.O_S_2f_2.ttx Rokkitt-Bold.ttf._h_e_a_d.ttx Rokkitt-Bold.ttf.G_D_E_F_.ttx Rokkitt-Bold.ttf.GlyphOrder.ttx Rokkitt-Bold.ttf._n_a_m_e.ttx Rokkitt-Bold.ttf._p_r_e_p.ttx Rokkitt-Bold.ttf.F_F_T_M_.ttx Rokkitt-Bold.ttf._g_a_s_p.ttx Rokkitt-Bold.ttf.G_P_O_S_.ttx Rokkitt-Bold.ttf._m_a_x_p.ttx Rokkitt-Bold.ttf._c_m_a_p.ttx Rokkitt-Bold.ttf._g_l_y_f.ttx Rokkitt-Bold.ttf._l_o_c_a.ttx Rokkitt-Bold.ttf._c_v_t.ttx Rokkitt-Bold.ttf._h_m_t_x.ttx Rokkitt-Bold.ttf._h_h_e_a.ttx Rokkitt-Bold.ttf._f_p_g_m.ttx Rokkitt-Bold.ttf.O_S_2f_2.ttx Rokkitt-Bold.ttf._p_o_s_t.ttx Rokkitt-Bold.ttf.G_S_U_B_.ttx Rokkitt-Light.ttf._h_e_a_d.ttx Rokkitt-Light.ttf._p_o_s_t.ttx Rokkitt-Light.ttf._g_a_s_p.ttx Rokkitt-Light.ttf._l_o_c_a.ttx Rokkitt-Light.ttf.GlyphOrder.ttx Rokkitt-Light.ttf.G_D_E_F_.ttx Rokkitt-Light.ttf.F_F_T_M_.ttx Rokkitt-Light.ttf._g_l_y_f.ttx Rokkitt-Light.ttf._h_h_e_a.ttx Rokkitt-Light.ttf._n_a_m_e.ttx Rokkitt-Light.ttf._h_m_t_x.ttx Rokkitt-Light.ttf.O_S_2f_2.ttx Rokkitt-Light.ttf._c_m_a_p.ttx Rokkitt-Light.ttf._m_a_x_p.ttx Rokkitt-Light.ttf.G_P_O_S_.ttx Rokkitt-Light.ttf.G_S_U_B_.ttx src/Rokkitt-Light.otf._m_a_x_p.ttx src/Rokkitt-Light.otf._p_o_s_t.ttx src/Rokkitt-Light.otf.O_S_2f_2.ttx src/Rokkitt-Light.otf.C_F_F_.ttx src/Rokkitt-Light.otf._h_h_e_a.ttx src/Rokkitt-Light.otf._h_m_t_x.ttx src/Rokkitt-Light.otf.F_F_T_M_.ttx src/Rokkitt-Light.otf.G_P_O_S_.ttx src/Rokkitt-Light.otf.G_D_E_F_.ttx src/Rokkitt-Light.otf.G_S_U_B_.ttx src/Rokkitt-Light.otf._n_a_m_e.ttx src/Rokkitt-Light.otf._h_e_a_d.ttx src/Rokkitt-Light.otf.GlyphOrder.ttx src/Rokkitt-Light.otf._c_m_a_p.ttx src/Rokkitt-Regular.otf._m_a_x_p.ttx src/Rokkitt-Regular.otf._h_h_e_a.ttx src/Rokkitt-Regular.otf._c_m_a_p.ttx src/Rokkitt-Regular.otf.GlyphOrder.ttx src/Rokkitt-Regular.otf.G_P_O_S_.ttx src/Rokkitt-Regular.otf._h_m_t_x.ttx src/Rokkitt-Regular.otf._n_a_m_e.ttx src/Rokkitt-Regular.otf._p_o_s_t.ttx src/Rokkitt-Regular.otf.C_F_F_.ttx src/Rokkitt-Regular.otf._h_e_a_d.ttx src/Rokkitt-Regular.otf.O_S_2f_2.ttx src/Rokkitt-Bold.otf._c_m_a_p.ttx src/Rokkitt-Bold.otf.G_P_O_S_.ttx src/Rokkitt-Bold.otf.O_S_2f_2.ttx src/Rokkitt-Bold.otf.C_F_F_.ttx src/Rokkitt-Bold.otf._n_a_m_e.ttx src/Rokkitt-Bold.otf._h_e_a_d.ttx src/Rokkitt-Bold.otf._h_h_e_a.ttx src/Rokkitt-Bold.otf._h_m_t_x.ttx src/Rokkitt-Bold.otf.GlyphOrder.ttx src/Rokkitt-Bold.otf._m_a_x_p.ttx src/Rokkitt-Bold.otf._p_o_s_t.ttx src/Rokkitt-Bold.otf._c_m_a_p.ttx src/Rokkitt-Bold.otf.G_P_O_S_.ttx src/Rokkitt-Bold.otf.O_S_2f_2.ttx src/Rokkitt-Bold.otf.C_F_F_.ttx src/Rokkitt-Bold.otf._n_a_m_e.ttx src/Rokkitt-Bold.otf._h_e_a_d.ttx src/Rokkitt-Bold.otf._h_h_e_a.ttx src/Rokkitt-Bold.otf.ttx src/Rokkitt-Bold.otf._h_m_t_x.ttx src/Rokkitt-Bold.otf.GlyphOrder.ttx src/Rokkitt-Bold.otf._m_a_x_p.ttx src/Rokkitt-Bold.otf._p_o_s_t.ttx /home/travis/build/fontdirectory/rokkitt/builds/build/sources
### (2 of 6) pyfontaine
### (3 of 6) Run upstream tests
$ fontbakery-check.py upstream-repo sources
$ fontaine --collections subsets --text /home/travis/build/fontdirectory/rokkitt/builds/build/sources/Rokkitt-Light.otf.ttx /home/travis/build/fontdirectory/rokkitt/builds/build/sources/Rokkitt-Regular.ttf.ttx /home/travis/build/fontdirectory/rokkitt/builds/build/sources/Rokkitt-Bold.ttf.ttx /home/travis/build/fontdirectory/rokkitt/builds/build/sources/Rokkitt-Light.ttf.ttx /home/travis/build/fontdirectory/rokkitt/builds/build/sources/Rokkitt-Regular.otf.ttx /home/travis/build/fontdirectory/rokkitt/builds/build/sources/Rokkitt-Bold.otf.ttx /home/travis/build/fontdirectory/rokkitt/builds/build/sources/Rokkitt-Light-TTF.sfd /home/travis/build/fontdirectory/rokkitt/builds/build/sources/Rokkitt-Regular-TTF.sfd /home/travis/build/fontdirectory/rokkitt/builds/build/sources/Rokkitt-Bold.sfd /home/travis/build/fontdirectory/rokkitt/builds/build/sources/Rokkitt-Bold-TTF.sfd > fontaine.txt
WARNING: Please install [PyICU](https://pypi.python.org/pypi/PyICU) toenable [feature], perhaps with: pip install pyicu
bakery_lint.tests.upstream.test_prepolation.FontTestPrepolation.test_font_prepolation_glyph_contours(): OK
pyfontaine error: Not a TrueType or OpenType font (bad sfntVersion)
pyfontaine process has been failed
bakery_lint.tests.upstream.test_prepolation.FontTestPrepolation.test_font_prepolation_glyph_points(): OK
bakery_lint.tests.upstream.test_prepolation.FontTestPrepolation.test_font_test_prepolation_glyph_names(): OK
bakery_lint.tests.upstream.test_check_upstream_sources.ProjectUpstreamTestCase.test_bakery_yaml_exists(): OK
bakery_lint.tests.upstream.test_check_upstream_sources.ProjectUpstreamTestCase.test_copyright_notices_same_across_family(): OK
bakery_lint.tests.upstream.test_check_upstream_sources.ProjectUpstreamTestCase.test_description_html_exists(): OK
bakery_lint.tests.upstream.test_check_upstream_sources.ProjectUpstreamTestCase.test_fontlog_txt_exists(): FAIL
bakery_lint.tests.upstream.test_check_upstream_sources.ProjectUpstreamTestCase.test_metadata_json_exists(): OK
bakery_lint.tests.upstream.test_diacritic.TestDiacritic.test_diacritic_made_as_component(): OK
bakery_lint.tests.upstream.test_diacritic.TestDiacritic.test_diacritic_made_as_mark_to_mark(): OK
bakery_lint.tests.upstream.test_diacritic.TestDiacritic.test_diacritic_made_as_own_glyphs(): OK
$ fontbakery-check.py upstream-ttx Rokkitt-Light.otf.ttx
bakery_lint.tests.upstream.test_font_filename_eq_familystyle.TestTTFSourceFontFileNameEqualsFamilyStyle.test_source_ttf_font_filename_equals_familystyle(): FAIL
$ mv /home/travis/build/fontdirectory/rokkitt/builds/build/sources/Rokkitt-Light.otf.ttx /home/travis/build/fontdirectory/rokkitt/builds/build/sources/Rokkitt-Light.ttx
bakery_lint.tests.upstream.test_font_filename_eq_familystyle.TestTTFSourceFontFileNameEqualsFamilyStyle.test_source_ttf_font_filename_equals_familystyle(): OK
bakery_lint.tests.upstream.test_check_ttx_requirements.SourceTTXTest.test_epar_in_keys(): FAIL
bakery_lint.tests.upstream.test_check_ttx_requirements.SourceTTXTest.test_os2_in_keys(): OK
bakery_lint.tests.upstream.test_check_ttx_requirements.SourceTTXTest.test_ttx_doesnt_contain_duplicate_glyphs(): FAIL
bakery_lint.tests.upstream.test_check_ttx_fontfamily_recommendations.TTX_FontFamilyNamingTest.test_ttx_family_naming_recommendation(): OK
bakery_lint.tests.upstream.test_glyphname_does_not_contain_disallowed_chars.TestGlyphNameDoesNotContainsDisallowedChars.test_glyphname_does_not_contain_disallowed_chars(): FAIL
$ fontbakery-check.py upstream-ttx Rokkitt-Regular.ttf.ttx
bakery_lint.tests.upstream.test_font_filename_eq_familystyle.TestTTFSourceFontFileNameEqualsFamilyStyle.test_source_ttf_font_filename_equals_familystyle(): FAIL
$ mv /home/travis/build/fontdirectory/rokkitt/builds/build/sources/Rokkitt-Regular.ttf.ttx /home/travis/build/fontdirectory/rokkitt/builds/build/sources/Rokkitt-Regular.ttx
bakery_lint.tests.upstream.test_font_filename_eq_familystyle.TestTTFSourceFontFileNameEqualsFamilyStyle.test_source_ttf_font_filename_equals_familystyle(): OK
bakery_lint.tests.upstream.test_check_ttx_requirements.SourceTTXTest.test_epar_in_keys(): FAIL
bakery_lint.tests.upstream.test_check_ttx_requirements.SourceTTXTest.test_os2_in_keys(): OK
bakery_lint.tests.upstream.test_check_ttx_requirements.SourceTTXTest.test_ttx_doesnt_contain_duplicate_glyphs(): FAIL
bakery_lint.tests.upstream.test_check_ttx_fontfamily_recommendations.TTX_FontFamilyNamingTest.test_ttx_family_naming_recommendation(): OK
bakery_lint.tests.upstream.test_glyphname_does_not_contain_disallowed_chars.TestGlyphNameDoesNotContainsDisallowedChars.test_glyphname_does_not_contain_disallowed_chars(): FAIL
$ fontbakery-check.py upstream-ttx Rokkitt-Bold.ttf.ttx
bakery_lint.tests.upstream.test_font_filename_eq_familystyle.TestTTFSourceFontFileNameEqualsFamilyStyle.test_source_ttf_font_filename_equals_familystyle(): FAIL
$ mv /home/travis/build/fontdirectory/rokkitt/builds/build/sources/Rokkitt-Bold.ttf.ttx /home/travis/build/fontdirectory/rokkitt/builds/build/sources/Rokkitt-Bold.ttx
bakery_lint.tests.upstream.test_font_filename_eq_familystyle.TestTTFSourceFontFileNameEqualsFamilyStyle.test_source_ttf_font_filename_equals_familystyle(): OK
bakery_lint.tests.upstream.test_check_ttx_requirements.SourceTTXTest.test_epar_in_keys(): FAIL
bakery_lint.tests.upstream.test_check_ttx_requirements.SourceTTXTest.test_os2_in_keys(): OK
bakery_lint.tests.upstream.test_check_ttx_requirements.SourceTTXTest.test_ttx_doesnt_contain_duplicate_glyphs(): OK
bakery_lint.tests.upstream.test_check_ttx_fontfamily_recommendations.TTX_FontFamilyNamingTest.test_ttx_family_naming_recommendation(): OK
bakery_lint.tests.upstream.test_glyphname_does_not_contain_disallowed_chars.TestGlyphNameDoesNotContainsDisallowedChars.test_glyphname_does_not_contain_disallowed_chars(): OK
$ fontbakery-check.py upstream-ttx Rokkitt-Light.ttf.ttx
bakery_lint.tests.upstream.test_font_filename_eq_familystyle.TestTTFSourceFontFileNameEqualsFamilyStyle.test_source_ttf_font_filename_equals_familystyle(): FAIL
$ mv /home/travis/build/fontdirectory/rokkitt/builds/build/sources/Rokkitt-Light.ttf.ttx /home/travis/build/fontdirectory/rokkitt/builds/build/sources/Rokkitt-Light.ttx
bakery_lint.tests.upstream.test_font_filename_eq_familystyle.TestTTFSourceFontFileNameEqualsFamilyStyle.test_source_ttf_font_filename_equals_familystyle(): OK
bakery_lint.tests.upstream.test_check_ttx_requirements.SourceTTXTest.test_epar_in_keys(): FAIL
bakery_lint.tests.upstream.test_check_ttx_requirements.SourceTTXTest.test_os2_in_keys(): OK
bakery_lint.tests.upstream.test_check_ttx_requirements.SourceTTXTest.test_ttx_doesnt_contain_duplicate_glyphs(): FAIL
bakery_lint.tests.upstream.test_check_ttx_fontfamily_recommendations.TTX_FontFamilyNamingTest.test_ttx_family_naming_recommendation(): OK
bakery_lint.tests.upstream.test_glyphname_does_not_contain_disallowed_chars.TestGlyphNameDoesNotContainsDisallowedChars.test_glyphname_does_not_contain_disallowed_chars(): FAIL
$ fontbakery-check.py upstream-ttx Rokkitt-Regular.otf.ttx
bakery_lint.tests.upstream.test_font_filename_eq_familystyle.TestTTFSourceFontFileNameEqualsFamilyStyle.test_source_ttf_font_filename_equals_familystyle(): FAIL
$ mv /home/travis/build/fontdirectory/rokkitt/builds/build/sources/Rokkitt-Regular.otf.ttx /home/travis/build/fontdirectory/rokkitt/builds/build/sources/Rokkitt-Regular.ttx
bakery_lint.tests.upstream.test_font_filename_eq_familystyle.TestTTFSourceFontFileNameEqualsFamilyStyle.test_source_ttf_font_filename_equals_familystyle(): OK
bakery_lint.tests.upstream.test_check_ttx_requirements.SourceTTXTest.test_epar_in_keys(): FAIL
bakery_lint.tests.upstream.test_check_ttx_requirements.SourceTTXTest.test_os2_in_keys(): OK
bakery_lint.tests.upstream.test_check_ttx_requirements.SourceTTXTest.test_ttx_doesnt_contain_duplicate_glyphs(): OK
bakery_lint.tests.upstream.test_check_ttx_fontfamily_recommendations.TTX_FontFamilyNamingTest.test_ttx_family_naming_recommendation(): OK
bakery_lint.tests.upstream.test_glyphname_does_not_contain_disallowed_chars.TestGlyphNameDoesNotContainsDisallowedChars.test_glyphname_does_not_contain_disallowed_chars(): OK
$ fontbakery-check.py upstream-ttx Rokkitt-Bold.otf.ttx
bakery_lint.tests.upstream.test_font_filename_eq_familystyle.TestTTFSourceFontFileNameEqualsFamilyStyle.test_source_ttf_font_filename_equals_familystyle(): FAIL
$ mv /home/travis/build/fontdirectory/rokkitt/builds/build/sources/Rokkitt-Bold.otf.ttx /home/travis/build/fontdirectory/rokkitt/builds/build/sources/Rokkitt-Bold.ttx
bakery_lint.tests.upstream.test_font_filename_eq_familystyle.TestTTFSourceFontFileNameEqualsFamilyStyle.test_source_ttf_font_filename_equals_familystyle(): OK
bakery_lint.tests.upstream.test_check_ttx_requirements.SourceTTXTest.test_epar_in_keys(): FAIL
bakery_lint.tests.upstream.test_check_ttx_requirements.SourceTTXTest.test_os2_in_keys(): OK
bakery_lint.tests.upstream.test_check_ttx_requirements.SourceTTXTest.test_ttx_doesnt_contain_duplicate_glyphs(): FAIL
bakery_lint.tests.upstream.test_check_ttx_fontfamily_recommendations.TTX_FontFamilyNamingTest.test_ttx_family_naming_recommendation(): OK
bakery_lint.tests.upstream.test_glyphname_does_not_contain_disallowed_chars.TestGlyphNameDoesNotContainsDisallowedChars.test_glyphname_does_not_contain_disallowed_chars(): FAIL
$ fontbakery-check.py upstream Rokkitt-Light-TTF.sfd
bakery_lint.tests.upstream.test_check_ufo_requirements.UfoOpenTest.test_has_rupee(): ERROR
bakery_lint.tests.upstream.test_check_ufo_requirements.UfoOpenTest.test_is_A(): ERROR
bakery_lint.tests.upstream.test_check_ufo_requirements.UfoOpenTest.test_is_A_a_glyph_instance(): ERROR
bakery_lint.tests.upstream.test_check_ufo_requirements.UfoOpenTest.test_is_ended_ufo(): ERROR
bakery_lint.tests.upstream.test_check_ufo_requirements.UfoOpenTest.test_is_folder(): ERROR
bakery_lint.tests.upstream.test_check_ufo_requirements.UfoOpenTest.test_is_fsType_eq_1(): ERROR
bakery_lint.tests.upstream.test_check_ufo_requirements.UfoOpenTest.test_it_exists(): ERROR
bakery_lint.tests.upstream.test_unicode_value_should_appear_only_once_per_font.UnicodeValueShouldAppearOnlyOnce.testUnicodeValue(): ERROR
bakery_lint.tests.upstream.test_font_filename_eq_familystyle.TestTTFSourceFontFileNameEqualsFamilyStyle.test_source_ttf_font_filename_equals_familystyle(): ERROR
bakery_lint.tests.upstream.test_contour_count.TestContourCount.test_contour_count(): ERROR
bakery_lint.tests.upstream.test_check_ufo_fontfamily_recommendations.TestUFOFontFamilyNamingTest.test_familyname_less_than_32_chars(): OK
bakery_lint.tests.upstream.test_check_ufo_fontfamily_recommendations.TestUFOFontFamilyNamingTest.test_fullfontname_less_than_64_chars(): OK
bakery_lint.tests.upstream.test_check_ufo_fontfamily_recommendations.TestUFOFontFamilyNamingTest.test_postscriptname_consistof_allowed_chars(): OK
bakery_lint.tests.upstream.test_check_ufo_fontfamily_recommendations.TestUFOFontFamilyNamingTest.test_postscriptname_less_than_30_chars(): OK
bakery_lint.tests.upstream.test_check_ufo_fontfamily_recommendations.TestUFOFontFamilyNamingTest.test_stylename_less_than_32_chars(): OK
bakery_lint.tests.upstream.test_check_ufo_fontfamily_recommendations.TestUFOFontFamilyNamingTest.test_weight_value_range_between_250_and_900(): OK
$ fontbakery-check.py upstream Rokkitt-Regular-TTF.sfd
bakery_lint.tests.upstream.test_check_ufo_requirements.UfoOpenTest.test_has_rupee(): ERROR
bakery_lint.tests.upstream.test_check_ufo_requirements.UfoOpenTest.test_is_A(): ERROR
bakery_lint.tests.upstream.test_check_ufo_requirements.UfoOpenTest.test_is_A_a_glyph_instance(): ERROR
bakery_lint.tests.upstream.test_check_ufo_requirements.UfoOpenTest.test_is_ended_ufo(): ERROR
bakery_lint.tests.upstream.test_check_ufo_requirements.UfoOpenTest.test_is_folder(): ERROR
bakery_lint.tests.upstream.test_check_ufo_requirements.UfoOpenTest.test_is_fsType_eq_1(): ERROR
bakery_lint.tests.upstream.test_check_ufo_requirements.UfoOpenTest.test_it_exists(): ERROR
bakery_lint.tests.upstream.test_unicode_value_should_appear_only_once_per_font.UnicodeValueShouldAppearOnlyOnce.testUnicodeValue(): ERROR
bakery_lint.tests.upstream.test_font_filename_eq_familystyle.TestTTFSourceFontFileNameEqualsFamilyStyle.test_source_ttf_font_filename_equals_familystyle(): ERROR
bakery_lint.tests.upstream.test_contour_count.TestContourCount.test_contour_count(): ERROR
bakery_lint.tests.upstream.test_check_ufo_fontfamily_recommendations.TestUFOFontFamilyNamingTest.test_familyname_less_than_32_chars(): OK
bakery_lint.tests.upstream.test_check_ufo_fontfamily_recommendations.TestUFOFontFamilyNamingTest.test_fullfontname_less_than_64_chars(): OK
bakery_lint.tests.upstream.test_check_ufo_fontfamily_recommendations.TestUFOFontFamilyNamingTest.test_postscriptname_consistof_allowed_chars(): OK
bakery_lint.tests.upstream.test_check_ufo_fontfamily_recommendations.TestUFOFontFamilyNamingTest.test_postscriptname_less_than_30_chars(): OK
bakery_lint.tests.upstream.test_check_ufo_fontfamily_recommendations.TestUFOFontFamilyNamingTest.test_stylename_less_than_32_chars(): OK
bakery_lint.tests.upstream.test_check_ufo_fontfamily_recommendations.TestUFOFontFamilyNamingTest.test_weight_value_range_between_250_and_900(): OK
$ fontbakery-check.py upstream Rokkitt-Bold.sfd
bakery_lint.tests.upstream.test_check_ufo_requirements.UfoOpenTest.test_has_rupee(): ERROR
bakery_lint.tests.upstream.test_check_ufo_requirements.UfoOpenTest.test_is_A(): ERROR
bakery_lint.tests.upstream.test_check_ufo_requirements.UfoOpenTest.test_is_A_a_glyph_instance(): ERROR
bakery_lint.tests.upstream.test_check_ufo_requirements.UfoOpenTest.test_is_ended_ufo(): ERROR
bakery_lint.tests.upstream.test_check_ufo_requirements.UfoOpenTest.test_is_folder(): ERROR
bakery_lint.tests.upstream.test_check_ufo_requirements.UfoOpenTest.test_is_fsType_eq_1(): ERROR
bakery_lint.tests.upstream.test_check_ufo_requirements.UfoOpenTest.test_it_exists(): ERROR
bakery_lint.tests.upstream.test_unicode_value_should_appear_only_once_per_font.UnicodeValueShouldAppearOnlyOnce.testUnicodeValue(): ERROR
bakery_lint.tests.upstream.test_font_filename_eq_familystyle.TestTTFSourceFontFileNameEqualsFamilyStyle.test_source_ttf_font_filename_equals_familystyle(): ERROR
bakery_lint.tests.upstream.test_contour_count.TestContourCount.test_contour_count(): ERROR
bakery_lint.tests.upstream.test_check_ufo_fontfamily_recommendations.TestUFOFontFamilyNamingTest.test_familyname_less_than_32_chars(): OK
bakery_lint.tests.upstream.test_check_ufo_fontfamily_recommendations.TestUFOFontFamilyNamingTest.test_fullfontname_less_than_64_chars(): OK
bakery_lint.tests.upstream.test_check_ufo_fontfamily_recommendations.TestUFOFontFamilyNamingTest.test_postscriptname_consistof_allowed_chars(): OK
bakery_lint.tests.upstream.test_check_ufo_fontfamily_recommendations.TestUFOFontFamilyNamingTest.test_postscriptname_less_than_30_chars(): OK
bakery_lint.tests.upstream.test_check_ufo_fontfamily_recommendations.TestUFOFontFamilyNamingTest.test_stylename_less_than_32_chars(): OK
bakery_lint.tests.upstream.test_check_ufo_fontfamily_recommendations.TestUFOFontFamilyNamingTest.test_weight_value_range_between_250_and_900(): OK
$ fontbakery-check.py upstream Rokkitt-Bold-TTF.sfd
bakery_lint.tests.upstream.test_check_ufo_requirements.UfoOpenTest.test_has_rupee(): ERROR
bakery_lint.tests.upstream.test_check_ufo_requirements.UfoOpenTest.test_is_A(): ERROR
bakery_lint.tests.upstream.test_check_ufo_requirements.UfoOpenTest.test_is_A_a_glyph_instance(): ERROR
bakery_lint.tests.upstream.test_check_ufo_requirements.UfoOpenTest.test_is_ended_ufo(): ERROR
bakery_lint.tests.upstream.test_check_ufo_requirements.UfoOpenTest.test_is_folder(): ERROR
bakery_lint.tests.upstream.test_check_ufo_requirements.UfoOpenTest.test_is_fsType_eq_1(): ERROR
bakery_lint.tests.upstream.test_check_ufo_requirements.UfoOpenTest.test_it_exists(): ERROR
bakery_lint.tests.upstream.test_unicode_value_should_appear_only_once_per_font.UnicodeValueShouldAppearOnlyOnce.testUnicodeValue(): ERROR
bakery_lint.tests.upstream.test_font_filename_eq_familystyle.TestTTFSourceFontFileNameEqualsFamilyStyle.test_source_ttf_font_filename_equals_familystyle(): ERROR
bakery_lint.tests.upstream.test_contour_count.TestContourCount.test_contour_count(): ERROR
bakery_lint.tests.upstream.test_check_ufo_fontfamily_recommendations.TestUFOFontFamilyNamingTest.test_familyname_less_than_32_chars(): OK
bakery_lint.tests.upstream.test_check_ufo_fontfamily_recommendations.TestUFOFontFamilyNamingTest.test_fullfontname_less_than_64_chars(): OK
bakery_lint.tests.upstream.test_check_ufo_fontfamily_recommendations.TestUFOFontFamilyNamingTest.test_postscriptname_consistof_allowed_chars(): OK
bakery_lint.tests.upstream.test_check_ufo_fontfamily_recommendations.TestUFOFontFamilyNamingTest.test_postscriptname_less_than_30_chars(): OK
bakery_lint.tests.upstream.test_check_ufo_fontfamily_recommendations.TestUFOFontFamilyNamingTest.test_stylename_less_than_32_chars(): OK
bakery_lint.tests.upstream.test_check_ufo_fontfamily_recommendations.TestUFOFontFamilyNamingTest.test_weight_value_range_between_250_and_900(): OK
### (4 of 6) Convert sources to TTF
$ ttx -d /home/travis/build/fontdirectory/rokkitt/builds/build /home/travis/build/fontdirectory/rokkitt/builds/build/sources/Rokkitt-Bold.ttx /home/travis/build/fontdirectory/rokkitt/builds/build/sources/Rokkitt-Regular.ttx /home/travis/build/fontdirectory/rokkitt/builds/build/sources/Rokkitt-Light.ttx
$ fontbakery-build-font2ttf.py sources/Rokkitt-Bold.otf Rokkitt-Bold.ttf
Warning: Mac and Windows entries in the 'name' table differ for the
 Fullname string in the language English (US)
 Mac String: Rokkitt Bold
Windows String: Rokkitt-Bold
Agrave's SEAC-like endchar operator is depreciated for Type2
Acircumflex's SEAC-like endchar operator is depreciated for Type2
Adieresis's SEAC-like endchar operator is depreciated for Type2
Egrave's SEAC-like endchar operator is depreciated for Type2
Ecircumflex's SEAC-like endchar operator is depreciated for Type2
Igrave's SEAC-like endchar operator is depreciated for Type2
Icircumflex's SEAC-like endchar operator is depreciated for Type2
Ntilde's SEAC-like endchar operator is depreciated for Type2
Ograve's SEAC-like endchar operator is depreciated for Type2
Ocircumflex's SEAC-like endchar operator is depreciated for Type2
Odieresis's SEAC-like endchar operator is depreciated for Type2
Ugrave's SEAC-like endchar operator is depreciated for Type2
Yacute's SEAC-like endchar operator is depreciated for Type2
agrave's SEAC-like endchar operator is depreciated for Type2
acircumflex's SEAC-like endchar operator is depreciated for Type2
adieresis's SEAC-like endchar operator is depreciated for Type2
ccedilla's SEAC-like endchar operator is depreciated for Type2
egrave's SEAC-like endchar operator is depreciated for Type2
ntilde's SEAC-like endchar operator is depreciated for Type2
ograve's SEAC-like endchar operator is depreciated for Type2
odieresis's SEAC-like endchar operator is depreciated for Type2
ugrave's SEAC-like endchar operator is depreciated for Type2
ucircumflex's SEAC-like endchar operator is depreciated for Type2
yacute's SEAC-like endchar operator is depreciated for Type2
Itilde's SEAC-like endchar operator is depreciated for Type2
Jcircumflex's SEAC-like endchar operator is depreciated for Type2
Nacute's SEAC-like endchar operator is depreciated for Type2
Scaron's SEAC-like endchar operator is depreciated for Type2
Ydieresis's SEAC-like endchar operator is depreciated for Type2
Zcaron's SEAC-like endchar operator is depreciated for Type2
Bad class def table. Glyph range 65535-65535 out of range [0,328)
Bad coverage table. Glyph range 65535-65535 out of range [0,328)
Success: Generated OpenType-TTF (/home/travis/build/fontdirectory/rokkitt/builds/build/Rokkitt-Bold.ttf)
strippedname:/home/travis/build/fontdirectory/rokkitt/builds/build/sources/Rokkitt-Light-TTF.sfd
strippedname:/home/travis/build/fontdirectory/rokkitt/builds/build/sources/Rokkitt-Regular-TTF.sfd
strippedname:/home/travis/build/fontdirectory/rokkitt/builds/build/sources/Rokkitt-Bold.sfd
strippedname:/home/travis/build/fontdirectory/rokkitt/builds/build/sources/Rokkitt-Bold-TTF.sfd
Compiling "/home/travis/build/fontdirectory/rokkitt/builds/build/sources/Rokkitt-Bold.ttx" to "/home/travis/build/fontdirectory/rokkitt/builds/build/Rokkitt-Bold.otf"...
Parsing 'GlyphOrder' table...
Parsing 'head' table...
Parsing 'hhea' table...
Parsing 'maxp' table...
Parsing 'OS/2' table...
Parsing 'name' table...
Parsing 'cmap' table...
Parsing 'post' table...
Parsing 'CFF ' table...
Parsing 'GPOS' table...
Parsing 'hmtx' table...
Compiling "/home/travis/build/fontdirectory/rokkitt/builds/build/sources/Rokkitt-Regular.ttx" to "/home/travis/build/fontdirectory/rokkitt/builds/build/Rokkitt-Regular.otf"...
Parsing 'GlyphOrder' table...
Parsing 'head' table...
Parsing 'hhea' table...
Parsing 'maxp' table...
Parsing 'OS/2' table...
Parsing 'name' table...
Parsing 'cmap' table...
Parsing 'post' table...
Parsing 'CFF ' table...
Parsing 'GPOS' table...
Parsing 'hmtx' table...
Compiling "/home/travis/build/fontdirectory/rokkitt/builds/build/sources/Rokkitt-Light.ttx" to "/home/travis/build/fontdirectory/rokkitt/builds/build/Rokkitt-Light.ttf"...
Parsing 'GlyphOrder' table...
Parsing 'head' table...
Parsing 'hhea' table...
Parsing 'maxp' table...
Parsing 'OS/2' table...
Parsing 'hmtx' table...
Parsing 'cmap' table...
Parsing 'loca' table...
Parsing 'glyf' table...
Parsing 'name' table...
Parsing 'post' table...
Parsing 'gasp' table...
Parsing 'FFTM' table...
Parsing 'GDEF' table...
Parsing 'GPOS' table...
Parsing 'GSUB' table...
strippedname:/home/travis/build/fontdirectory/rokkitt/builds/build/Rokkitt-Bold.otf
### Test Rokkitt-Bold.ttf
$ fontbakery-check.py result Rokkitt-Bold.ttf
bakery_lint.tests.downstream.test_check_italic_angle_agreement.CheckItalicAngleAgreement.test_check_italic_angle_agreement(): OK
bakery_lint.tests.downstream.test_check_upm_heights_less_120.TestCheckUPMHeightsLess120.test_check_upm_heigths_less_120(): OK
bakery_lint.tests.downstream.test_check_font_tables.CheckFontHasDsigTable.test_check_font_has_dsig_table(): OK
bakery_lint.tests.downstream.test_check_font_tables.CheckFontHasNotKernTable.test_no_kern_table_exists(): OK
bakery_lint.tests.downstream.test_check_name_table_recommendation.CheckStyleNameRecommendation.test_check_stylename_is_under_recommendations(): OK
bakery_lint.tests.downstream.test_check_name_table_recommendation.CheckOTFamilyNameRecommendation.test_check_opentype_familyname(): FAIL
$ fontbakery-fix-opentype-names.py /home/travis/build/fontdirectory/rokkitt/builds/build/Rokkitt-Bold.ttf
$ mv /home/travis/build/fontdirectory/rokkitt/builds/build/Rokkitt-Bold.ttf.fix /home/travis/build/fontdirectory/rokkitt/builds/build/Rokkitt-Bold.ttf
bakery_lint.tests.downstream.test_check_name_table_recommendation.CheckOTFamilyNameRecommendation.test_check_opentype_familyname(): OK
bakery_lint.tests.downstream.test_check_name_table_recommendation.CheckOTStyleNameRecommendation.test_check_opentype_stylename(): OK
bakery_lint.tests.downstream.test_check_name_table_recommendation.CheckOTFullNameRecommendation.test_check_opentype_fullname(): OK
bakery_lint.tests.downstream.test_check_nbsp_width_matches_sp_width.CheckNbspWidthMatchesSpWidth.test_check_nbsp_width_matches_sp_width(): FAIL
$ fontbakery-fix-nbsp.py /home/travis/build/fontdirectory/rokkitt/builds/build/Rokkitt-Bold.ttf
$ mv /home/travis/build/fontdirectory/rokkitt/builds/build/Rokkitt-Bold.ttf.fix /home/travis/build/fontdirectory/rokkitt/builds/build/Rokkitt-Bold.ttf
bakery_lint.tests.downstream.test_check_nbsp_width_matches_sp_width.CheckNbspWidthMatchesSpWidth.test_check_nbsp_width_matches_sp_width(): FAIL
bakery_lint.tests.downstream.test_check_names_same_across_platforms.CheckNamesSameAcrossPlatforms.test_check_names_same_across_platforms(): OK
bakery_lint.tests.downstream.test_check_panose_identification.CheckPanoseIdentification.test_check_panose_identification(): OK
bakery_lint.tests.downstream.test_check_license_included.CheckLicenseIncluded.test_license_included_in_font_names(): ERROR
bakery_lint.tests.downstream.test_check_full_font_name_begins_with_family_name.CheckFullFontNameBeginsWithFamilyName.test_check_full_font_name_begins_with_family_name(): OK
bakery_lint.tests.downstream.test_check_unused_glyph_data.CheckUnusedGlyphData.test_check_unused_glyph_data(): ERROR
bakery_lint.tests.downstream.test_gasp_table_value.CheckGaspTableType.test_check_gasp_table_type(): FAIL
$ fontbakery-fix-gasp.py --set=15 /home/travis/build/fontdirectory/rokkitt/builds/build/Rokkitt-Bold.ttf
$ mv /home/travis/build/fontdirectory/rokkitt/builds/build/Rokkitt-Bold.ttf.fix /home/travis/build/fontdirectory/rokkitt/builds/build/Rokkitt-Bold.ttf
bakery_lint.tests.downstream.test_gasp_table_value.CheckGaspTableType.test_check_gasp_table_type(): OK
$ fontbakery-fix-gasp.py --set=15 /home/travis/build/fontdirectory/rokkitt/builds/build/Rokkitt-Bold.ttf
$ mv /home/travis/build/fontdirectory/rokkitt/builds/build/Rokkitt-Bold.ttf.fix /home/travis/build/fontdirectory/rokkitt/builds/build/Rokkitt-Bold.ttf
bakery_lint.tests.downstream.test_check_hmtx_hhea_max_advance_width_agreement.CheckHmtxHheaMaxAdvanceWidthAgreement.test_check_hmtx_hhea_max_advance_width_agreement(): OK
bakery_lint.tests.downstream.test_check_font_agreements.CheckFsTypeIsNotSet.test_is_fstype_not_set(): OK
$ fontbakery-fix-fstype.py --autofix /home/travis/build/fontdirectory/rokkitt/builds/build/Rokkitt-Bold.ttf
$ mv /home/travis/build/fontdirectory/rokkitt/builds/build/Rokkitt-Bold.ttf.fix /home/travis/build/fontdirectory/rokkitt/builds/build/Rokkitt-Bold.ttf
bakery_lint.tests.downstream.test_check_font_agreements.CheckFontAgreements.test_em_is_1000(): FAIL
bakery_lint.tests.downstream.test_check_font_agreements.CheckFontAgreements.test_font_is_font(): OK
bakery_lint.tests.downstream.test_check_font_agreements.CheckFontAgreements.test_latin_file_exists(): FAIL
bakery_lint.tests.downstream.test_check_font_agreements.CheckFontAgreements.test_menu_file_exists(): FAIL
bakery_lint.tests.downstream.test_check_magic_prep_code.CheckMagicPREPByteCode.test_prep_magic_code(): FAIL
bakery_lint.tests.downstream.test_check_unencoded_glyph.TestFontUnencodedGlyph.test_font_unencoded_glyphs(): FAIL
$ fontbakery-fix-glyph-private-encoding.py --autofix /home/travis/build/fontdirectory/rokkitt/builds/build/Rokkitt-Bold.ttf
$ mv /home/travis/build/fontdirectory/rokkitt/builds/build/Rokkitt-Bold.ttf.fix /home/travis/build/fontdirectory/rokkitt/builds/build/Rokkitt-Bold.ttf
bakery_lint.tests.downstream.test_check_unencoded_glyph.TestFontUnencodedGlyph.test_font_unencoded_glyphs(): FAIL
bakery_lint.tests.downstream.test_check_glyph_existence.CheckGlyphExistence.test_euro(): OK
bakery_lint.tests.downstream.test_check_glyph_existence.CheckGlyphExistence.test_nbsp(): OK
bakery_lint.tests.downstream.test_check_glyph_existence.CheckGlyphExistence.test_space(): OK
bakery_lint.tests.downstream.test_check_vertical_metrics.CheckVerticalLinegapMetrics.test_metrics_linegaps_are_zero(): FAIL
$ fontbakery-fix-vertical-metrics.py --autofix /home/travis/build/fontdirectory/rokkitt/builds/build/Rokkitt-Regular.otf /home/travis/build/fontdirectory/rokkitt/builds/build/Rokkitt-Bold.ttf /home/travis/build/fontdirectory/rokkitt/builds/build/Rokkitt-Light.ttf
$ mv /home/travis/build/fontdirectory/rokkitt/builds/build/Rokkitt-Regular.otf.fix /home/travis/build/fontdirectory/rokkitt/builds/build/Rokkitt-Regular.otf
$ mv /home/travis/build/fontdirectory/rokkitt/builds/build/Rokkitt-Bold.ttf.fix /home/travis/build/fontdirectory/rokkitt/builds/build/Rokkitt-Bold.ttf
$ mv /home/travis/build/fontdirectory/rokkitt/builds/build/Rokkitt-Light.ttf.fix /home/travis/build/fontdirectory/rokkitt/builds/build/Rokkitt-Light.ttf
$ fontbakery-fix-vertical-metrics.py /home/travis/build/fontdirectory/rokkitt/builds/build/Rokkitt-Regular.otf /home/travis/build/fontdirectory/rokkitt/builds/build/Rokkitt-Bold.ttf /home/travis/build/fontdirectory/rokkitt/builds/build/Rokkitt-Light.ttf
Parameter              Rokkitt-Regular.otf    Rokkitt-Bold.ttf    Rokkitt-Light.ttf    
ymax                   1552                   1673                1650                 
hhea.ascent            1673                   1673                1673                 
OS/2.sTypoAscender     1673                   1673                1673                 
OS/2.usWinAscent       1673                   1673                1673                 
ymin                   -595                   -657                -433                 
hhea.descent           -657                   -657                -657                 
OS/2.sTypoDescender    -657                   -657                -657                 
OS/2.usWinDescent      657                    657                 657                  
hhea.lineGap           0                      0                   0                    
OS/2.sTypoLineGap      0                      0                   0                    
hhea total             2330                   2330                2330                 
typo total             2330                   2330                2330                 
win total              2330                   2330                2330                 
UPM:Heights            2048:2147              2048:2330           2048:2083            
UPM:Heights %          104 %                  113 %               101 %                


bakery_lint.tests.downstream.test_check_vertical_metrics.CheckVerticalLinegapMetrics.test_metrics_linegaps_are_zero(): OK
bakery_lint.tests.downstream.test_check_vertical_metrics.CheckVerticalAscentMetrics.test_metrics_ascents_equal_bbox(): OK
bakery_lint.tests.downstream.test_check_vertical_metrics.CheckVerticalDescentMetrics.test_metrics_descents_equal_bbox(): OK
bakery_lint.tests.downstream.test_names_are_ascii_only.CheckNamesAreASCIIOnly.test_check_names_are_ascii_only(): OK
bakery_lint.tests.downstream.test_check_glyf_table_length.CheckGlyfTableLength.test_check_glyf_table_length(): FAIL
bakery_lint.tests.downstream.test_check_os2_width_class.CheckOS2WidthClass.test_check_os2_width_class(): OK
bakery_lint.tests.downstream.test_check_no_problematic_formats.CheckNoProblematicFormats.test_check_no_problematic_formats(): OK
bakery_lint.tests.downstream.test_check_fontname_matches_macstyle.CheckFontNameEqualToMacStyleFlags.test_fontname_is_equal_to_macstyle(): OK
bakery_lint.tests.downstream.test_gpos_table_has_kerning_info.CheckGposTableHasKerningInfo.test_gpos_table_has_kerning_info(): ERROR
The following table(s) in the font have been ignored by FontForge
  Ignoring 'DSIG' digital signature table
The glyph named nbspace is mapped to U+F013F.
But its name indicates it should be mapped to U+00A0.
bakery_lint.tests.downstream.test_fontforge_validation_state.FontForgeValidateStateTest.test_allowed_numbers_paths_in_composite_glyphs(): OK
bakery_lint.tests.downstream.test_fontforge_validation_state.FontForgeValidateStateTest.test_allowed_numbers_paths_in_glyphs(): OK
bakery_lint.tests.downstream.test_fontforge_validation_state.FontForgeValidateStateTest.test_allowed_numbers_points_in_composite_glyphs(): OK
bakery_lint.tests.downstream.test_fontforge_validation_state.FontForgeValidateStateTest.test_allowed_numbers_points_in_glyphs(): OK
bakery_lint.tests.downstream.test_fontforge_validation_state.FontForgeValidateStateTest.test_duplicate_glyphs(): OK
bakery_lint.tests.downstream.test_fontforge_validation_state.FontForgeValidateStateTest.test_duplicate_unicode_codepoints(): OK
bakery_lint.tests.downstream.test_fontforge_validation_state.FontForgeValidateStateTest.test_flipped_reference_in_glyphs(): OK
bakery_lint.tests.downstream.test_fontforge_validation_state.FontForgeValidateStateTest.test_missing_anchors(): OK
bakery_lint.tests.downstream.test_fontforge_validation_state.FontForgeValidateStateTest.test_missing_extrema_in_glyphs(): FAIL
bakery_lint.tests.downstream.test_fontforge_validation_state.FontForgeValidateStateTest.test_overlapped_hints(): OK
bakery_lint.tests.downstream.test_fontforge_validation_state.FontForgeValidateStateTest.test_points_are_integer_aligned(): OK
bakery_lint.tests.downstream.test_fontforge_validation_state.FontForgeValidateStateTest.test_points_are_not_too_far_apart(): OK
bakery_lint.tests.downstream.test_fontforge_validation_state.FontForgeValidateStateTest.test_postscript_hasnt_limit_hints_in_glyphs(): OK
bakery_lint.tests.downstream.test_fontforge_validation_state.FontForgeValidateStateTest.test_postscript_hasnt_limit_points_in_glyphs(): OK
bakery_lint.tests.downstream.test_fontforge_validation_state.FontForgeValidateStateTest.test_referenced_glyphs_are_present(): OK
bakery_lint.tests.downstream.test_fontforge_validation_state.FontForgeValidateStateTest.test_valid_glyph_names(): FAIL
bakery_lint.tests.downstream.test_fontforge_validation_state.FontForgeValidateStateTest.test_valid_length_instructions(): OK
bakery_lint.tests.downstream.test_fontforge_validation_state.FontForgeValidateStateTest.test_validation_glyph_intersect(): FAIL
bakery_lint.tests.downstream.test_fontforge_validation_state.FontForgeValidateStateTest.test_validation_open_contours(): OK
bakery_lint.tests.downstream.test_fontforge_validation_state.FontForgeValidateStateTest.test_wrong_direction_in_glyphs(): OK
### Optimize TTF Rokkitt-Bold.ttf
$ ls -l 'Rokkitt-Bold.ttf'* # look at the size savings of that subset process
Rokkitt-Bold.ttf.opt: 31404 bytes
Rokkitt-Bold.ttf: 34064 bytes
$ mv /home/travis/build/fontdirectory/rokkitt/builds/build/Rokkitt-Bold.ttf.opt /home/travis/build/fontdirectory/rokkitt/builds/build/Rokkitt-Bold.ttf
### Autohint TTFs (ttfautohint) Rokkitt-Bold.ttf
$ ttfautohint -l 7 -r 28 -G 50 -x 13 -w "G" /home/travis/build/fontdirectory/rokkitt/builds/build/Rokkitt-Bold.ttf '/home/travis/build/fontdirectory/rokkitt/builds/build/Rokkitt-Bold.autohint.ttf'

$ ls -l /home/travis/build/fontdirectory/rokkitt/builds/build/Rokkitt-Bold.*ttf # look at the size savings of that subset process
/home/travis/build/fontdirectory/rokkitt/builds/build/Rokkitt-Bold.ttf: 31404 bytes
/home/travis/build/fontdirectory/rokkitt/builds/build/Rokkitt-Bold.autohint.ttf: 57496 bytes
$ mv /home/travis/build/fontdirectory/rokkitt/builds/build/Rokkitt-Bold.autohint.ttf /home/travis/build/fontdirectory/rokkitt/builds/build/Rokkitt-Bold.ttf
### Subset TTFs (pyftsubset) Rokkitt-Bold.ttf
$ pyftsubset Rokkitt-Bold.latin
$ pyftsubset Rokkitt-Bold.menu
No nbsp glyph
spaceWidth is    458
nbspWidth is     0
Rokkitt-Bold.ttf.fix made with spaceWidth and nbspWidth of 458
strippedname:/home/travis/build/fontdirectory/rokkitt/builds/build/Rokkitt-Bold.ttf
$ fontbakery-build-font2ttf.py sources/Rokkitt-Regular.otf Rokkitt-Regular.ttf
Agrave's SEAC-like endchar operator is depreciated for Type2
Acircumflex's SEAC-like endchar operator is depreciated for Type2
Adieresis's SEAC-like endchar operator is depreciated for Type2
Ccedilla's SEAC-like endchar operator is depreciated for Type2
Egrave's SEAC-like endchar operator is depreciated for Type2
Ecircumflex's SEAC-like endchar operator is depreciated for Type2
Igrave's SEAC-like endchar operator is depreciated for Type2
Icircumflex's SEAC-like endchar operator is depreciated for Type2
Ntilde's SEAC-like endchar operator is depreciated for Type2
Ograve's SEAC-like endchar operator is depreciated for Type2
Ocircumflex's SEAC-like endchar operator is depreciated for Type2
Odieresis's SEAC-like endchar operator is depreciated for Type2
Ugrave's SEAC-like endchar operator is depreciated for Type2
Ucircumflex's SEAC-like endchar operator is depreciated for Type2
Yacute's SEAC-like endchar operator is depreciated for Type2
agrave's SEAC-like endchar operator is depreciated for Type2
acircumflex's SEAC-like endchar operator is depreciated for Type2
adieresis's SEAC-like endchar operator is depreciated for Type2
ccedilla's SEAC-like endchar operator is depreciated for Type2
egrave's SEAC-like endchar operator is depreciated for Type2
ecircumflex's SEAC-like endchar operator is depreciated for Type2
ntilde's SEAC-like endchar operator is depreciated for Type2
ograve's SEAC-like endchar operator is depreciated for Type2
ocircumflex's SEAC-like endchar operator is depreciated for Type2
odieresis's SEAC-like endchar operator is depreciated for Type2
ugrave's SEAC-like endchar operator is depreciated for Type2
ucircumflex's SEAC-like endchar operator is depreciated for Type2
yacute's SEAC-like endchar operator is depreciated for Type2
hbar's SEAC-like endchar operator is depreciated for Type2
Itilde's SEAC-like endchar operator is depreciated for Type2
Nacute's SEAC-like endchar operator is depreciated for Type2
Racute's SEAC-like endchar operator is depreciated for Type2
Rcaron's SEAC-like endchar operator is depreciated for Type2
Scaron's SEAC-like endchar operator is depreciated for Type2
Ydieresis's SEAC-like endchar operator is depreciated for Type2
Zcaron's SEAC-like endchar operator is depreciated for Type2
Bad class def table. Glyph range 65535-65535 out of range [0,305)
Bad coverage table. Glyph range 65535-65535 out of range [0,305)
Bad class def table. Glyph range 65535-65535 out of range [0,305)
Bad class def table. Glyph range 65535-65535 out of range [0,305)
Bad class def table. Glyph range 65535-65535 out of range [0,305)
Bad class def table. Glyph range 65535-65535 out of range [0,305)
Bad class def table. Glyph range 65535-65535 out of range [0,305)
Bad class def table. Glyph range 65535-65535 out of range [0,305)
Bad class def table. Glyph range 65535-65535 out of range [0,305)
Bad class def table. Glyph range 65535-65535 out of range [0,305)
Bad class def table. Glyph range 65535-65535 out of range [0,305)
Bad class def table. Glyph range 65535-65535 out of range [0,305)
Bad class def table. Glyph range 65535-65535 out of range [0,305)
Bad class def table. Glyph range 65535-65535 out of range [0,305)
Bad class def table. Glyph range 65535-65535 out of range [0,305)
Bad class def table. Glyph range 65535-65535 out of range [0,305)
Bad class def table. Glyph range 65535-65535 out of range [0,305)
Bad class def table. Glyph range 65535-65535 out of range [0,305)
Bad class def table. Glyph range 65535-65535 out of range [0,305)
Bad class def table. Glyph range 65535-65535 out of range [0,305)
Bad class def table. Glyph range 65535-65535 out of range [0,305)
Bad class def table. Glyph range 65535-65535 out of range [0,305)
Bad class def table. Glyph range 65535-65535 out of range [0,305)
Bad class def table. Glyph range 65535-65535 out of range [0,305)
Bad class def table. Glyph range 65535-65535 out of range [0,305)
Bad coverage table. Glyph 65535 out of range [0,305)
Bad class def table. Glyph range 65535-65535 out of range [0,305)
Bad coverage table. Glyph 65535 out of range [0,305)
Bad class def table. Glyph range 65535-65535 out of range [0,305)
Bad coverage table. Glyph 65535 out of range [0,305)
Bad class def table. Glyph range 65535-65535 out of range [0,305)
Bad class def table. Glyph range 65535-65535 out of range [0,305)
Bad class def table. Glyph range 65535-65535 out of range [0,305)
Bad class def table. Glyph range 65535-65535 out of range [0,305)
Bad class def table. Glyph range 65535-65535 out of range [0,305)
Bad coverage table. Glyph range 65535-65535 out of range [0,305)
Bad class def table. Glyph range 65535-65535 out of range [0,305)
Bad class def table. Glyph range 65535-65535 out of range [0,305)
Bad class def table. Glyph range 65535-65535 out of range [0,305)
Bad class def table. Glyph range 65535-65535 out of range [0,305)
Bad class def table. Glyph range 65535-65535 out of range [0,305)
Bad class def table. Glyph range 65535-65535 out of range [0,305)
Bad class def table. Glyph range 65535-65535 out of range [0,305)
Bad class def table. Glyph range 65535-65535 out of range [0,305)
Bad class def table. Glyph range 65535-65535 out of range [0,305)
Bad class def table. Glyph range 65535-65535 out of range [0,305)
Bad class def table. Glyph range 65535-65535 out of range [0,305)
Bad class def table. Glyph range 65535-65535 out of range [0,305)
Bad class def table. Glyph range 65535-65535 out of range [0,305)
Bad class def table. Glyph range 65535-65535 out of range [0,305)
Bad class def table. Glyph range 65535-65535 out of range [0,305)
Bad class def table. Glyph range 65535-65535 out of range [0,305)
Bad class def table. Glyph range 65535-65535 out of range [0,305)
Bad class def table. Glyph range 65535-65535 out of range [0,305)
Bad class def table. Glyph range 65535-65535 out of range [0,305)
Bad class def table. Glyph range 65535-65535 out of range [0,305)
Bad class def table. Glyph range 65535-65535 out of range [0,305)
Bad class def table. Glyph range 65535-65535 out of range [0,305)
Bad class def table. Glyph range 65535-65535 out of range [0,305)
Bad coverage table. Glyph 65535 out of range [0,305)
Bad class def table. Glyph range 65535-65535 out of range [0,305)
Bad coverage table. Glyph 65535 out of range [0,305)
Bad class def table. Glyph range 65535-65535 out of range [0,305)
Bad coverage table. Glyph 65535 out of range [0,305)
Bad class def table. Glyph range 65535-65535 out of range [0,305)
Bad class def table. Glyph range 65535-65535 out of range [0,305)
Bad class def table. Glyph range 65535-65535 out of range [0,305)
Bad class def table. Glyph range 65535-65535 out of range [0,305)
Success: Generated OpenType-TTF (/home/travis/build/fontdirectory/rokkitt/builds/build/Rokkitt-Regular.ttf)
strippedname:/home/travis/build/fontdirectory/rokkitt/builds/build/Rokkitt-Regular.otf
### Test Rokkitt-Regular.ttf
$ fontbakery-check.py result Rokkitt-Regular.ttf
bakery_lint.tests.downstream.test_check_italic_angle_agreement.CheckItalicAngleAgreement.test_check_italic_angle_agreement(): OK
bakery_lint.tests.downstream.test_check_upm_heights_less_120.TestCheckUPMHeightsLess120.test_check_upm_heigths_less_120(): OK
bakery_lint.tests.downstream.test_check_font_tables.CheckFontHasDsigTable.test_check_font_has_dsig_table(): OK
bakery_lint.tests.downstream.test_check_font_tables.CheckFontHasNotKernTable.test_no_kern_table_exists(): OK
bakery_lint.tests.downstream.test_check_name_table_recommendation.CheckStyleNameRecommendation.test_check_stylename_is_under_recommendations(): OK
bakery_lint.tests.downstream.test_check_name_table_recommendation.CheckOTFamilyNameRecommendation.test_check_opentype_familyname(): FAIL
$ fontbakery-fix-opentype-names.py /home/travis/build/fontdirectory/rokkitt/builds/build/Rokkitt-Regular.ttf
$ mv /home/travis/build/fontdirectory/rokkitt/builds/build/Rokkitt-Regular.ttf.fix /home/travis/build/fontdirectory/rokkitt/builds/build/Rokkitt-Regular.ttf
bakery_lint.tests.downstream.test_check_name_table_recommendation.CheckOTFamilyNameRecommendation.test_check_opentype_familyname(): OK
bakery_lint.tests.downstream.test_check_name_table_recommendation.CheckOTStyleNameRecommendation.test_check_opentype_stylename(): OK
bakery_lint.tests.downstream.test_check_name_table_recommendation.CheckOTFullNameRecommendation.test_check_opentype_fullname(): OK
bakery_lint.tests.downstream.test_check_nbsp_width_matches_sp_width.CheckNbspWidthMatchesSpWidth.test_check_nbsp_width_matches_sp_width(): FAIL
$ fontbakery-fix-nbsp.py /home/travis/build/fontdirectory/rokkitt/builds/build/Rokkitt-Regular.ttf
$ mv /home/travis/build/fontdirectory/rokkitt/builds/build/Rokkitt-Regular.ttf.fix /home/travis/build/fontdirectory/rokkitt/builds/build/Rokkitt-Regular.ttf
bakery_lint.tests.downstream.test_check_nbsp_width_matches_sp_width.CheckNbspWidthMatchesSpWidth.test_check_nbsp_width_matches_sp_width(): FAIL
bakery_lint.tests.downstream.test_check_names_same_across_platforms.CheckNamesSameAcrossPlatforms.test_check_names_same_across_platforms(): OK
bakery_lint.tests.downstream.test_check_panose_identification.CheckPanoseIdentification.test_check_panose_identification(): OK
bakery_lint.tests.downstream.test_check_license_included.CheckLicenseIncluded.test_license_included_in_font_names(): ERROR
bakery_lint.tests.downstream.test_check_full_font_name_begins_with_family_name.CheckFullFontNameBeginsWithFamilyName.test_check_full_font_name_begins_with_family_name(): OK
bakery_lint.tests.downstream.test_check_unused_glyph_data.CheckUnusedGlyphData.test_check_unused_glyph_data(): ERROR
bakery_lint.tests.downstream.test_gasp_table_value.CheckGaspTableType.test_check_gasp_table_type(): FAIL
$ fontbakery-fix-gasp.py --set=15 /home/travis/build/fontdirectory/rokkitt/builds/build/Rokkitt-Regular.ttf
$ mv /home/travis/build/fontdirectory/rokkitt/builds/build/Rokkitt-Regular.ttf.fix /home/travis/build/fontdirectory/rokkitt/builds/build/Rokkitt-Regular.ttf
bakery_lint.tests.downstream.test_gasp_table_value.CheckGaspTableType.test_check_gasp_table_type(): OK
$ fontbakery-fix-gasp.py --set=15 /home/travis/build/fontdirectory/rokkitt/builds/build/Rokkitt-Regular.ttf
$ mv /home/travis/build/fontdirectory/rokkitt/builds/build/Rokkitt-Regular.ttf.fix /home/travis/build/fontdirectory/rokkitt/builds/build/Rokkitt-Regular.ttf
bakery_lint.tests.downstream.test_check_hmtx_hhea_max_advance_width_agreement.CheckHmtxHheaMaxAdvanceWidthAgreement.test_check_hmtx_hhea_max_advance_width_agreement(): OK
bakery_lint.tests.downstream.test_check_font_agreements.CheckFsTypeIsNotSet.test_is_fstype_not_set(): FAIL
$ fontbakery-fix-fstype.py --autofix /home/travis/build/fontdirectory/rokkitt/builds/build/Rokkitt-Regular.ttf
$ mv /home/travis/build/fontdirectory/rokkitt/builds/build/Rokkitt-Regular.ttf.fix /home/travis/build/fontdirectory/rokkitt/builds/build/Rokkitt-Regular.ttf
bakery_lint.tests.downstream.test_check_font_agreements.CheckFsTypeIsNotSet.test_is_fstype_not_set(): OK
$ fontbakery-fix-fstype.py --autofix /home/travis/build/fontdirectory/rokkitt/builds/build/Rokkitt-Regular.ttf
$ mv /home/travis/build/fontdirectory/rokkitt/builds/build/Rokkitt-Regular.ttf.fix /home/travis/build/fontdirectory/rokkitt/builds/build/Rokkitt-Regular.ttf
bakery_lint.tests.downstream.test_check_font_agreements.CheckFontAgreements.test_em_is_1000(): FAIL
bakery_lint.tests.downstream.test_check_font_agreements.CheckFontAgreements.test_font_is_font(): OK
bakery_lint.tests.downstream.test_check_font_agreements.CheckFontAgreements.test_latin_file_exists(): FAIL
bakery_lint.tests.downstream.test_check_font_agreements.CheckFontAgreements.test_menu_file_exists(): FAIL
bakery_lint.tests.downstream.test_check_magic_prep_code.CheckMagicPREPByteCode.test_prep_magic_code(): FAIL
bakery_lint.tests.downstream.test_check_unencoded_glyph.TestFontUnencodedGlyph.test_font_unencoded_glyphs(): FAIL
$ fontbakery-fix-glyph-private-encoding.py --autofix /home/travis/build/fontdirectory/rokkitt/builds/build/Rokkitt-Regular.ttf
$ mv /home/travis/build/fontdirectory/rokkitt/builds/build/Rokkitt-Regular.ttf.fix /home/travis/build/fontdirectory/rokkitt/builds/build/Rokkitt-Regular.ttf
bakery_lint.tests.downstream.test_check_unencoded_glyph.TestFontUnencodedGlyph.test_font_unencoded_glyphs(): FAIL
bakery_lint.tests.downstream.test_check_glyph_existence.CheckGlyphExistence.test_euro(): OK
bakery_lint.tests.downstream.test_check_glyph_existence.CheckGlyphExistence.test_nbsp(): OK
bakery_lint.tests.downstream.test_check_glyph_existence.CheckGlyphExistence.test_space(): OK
bakery_lint.tests.downstream.test_check_vertical_metrics.CheckVerticalLinegapMetrics.test_metrics_linegaps_are_zero(): OK
bakery_lint.tests.downstream.test_check_vertical_metrics.CheckVerticalAscentMetrics.test_metrics_ascents_equal_bbox(): OK
bakery_lint.tests.downstream.test_check_vertical_metrics.CheckVerticalDescentMetrics.test_metrics_descents_equal_bbox(): OK
bakery_lint.tests.downstream.test_names_are_ascii_only.CheckNamesAreASCIIOnly.test_check_names_are_ascii_only(): OK
bakery_lint.tests.downstream.test_check_glyf_table_length.CheckGlyfTableLength.test_check_glyf_table_length(): FAIL
bakery_lint.tests.downstream.test_check_os2_width_class.CheckOS2WidthClass.test_check_os2_width_class(): OK
bakery_lint.tests.downstream.test_check_no_problematic_formats.CheckNoProblematicFormats.test_check_no_problematic_formats(): OK
bakery_lint.tests.downstream.test_check_fontname_matches_macstyle.CheckFontNameEqualToMacStyleFlags.test_fontname_is_equal_to_macstyle(): FAIL
bakery_lint.tests.downstream.test_gpos_table_has_kerning_info.CheckGposTableHasKerningInfo.test_gpos_table_has_kerning_info(): ERROR
The following table(s) in the font have been ignored by FontForge
  Ignoring 'DSIG' digital signature table
The glyph named nbspace is mapped to U+F0128.
But its name indicates it should be mapped to U+00A0.
bakery_lint.tests.downstream.test_fontforge_validation_state.FontForgeValidateStateTest.test_allowed_numbers_paths_in_composite_glyphs(): OK
bakery_lint.tests.downstream.test_fontforge_validation_state.FontForgeValidateStateTest.test_allowed_numbers_paths_in_glyphs(): OK
bakery_lint.tests.downstream.test_fontforge_validation_state.FontForgeValidateStateTest.test_allowed_numbers_points_in_composite_glyphs(): OK
bakery_lint.tests.downstream.test_fontforge_validation_state.FontForgeValidateStateTest.test_allowed_numbers_points_in_glyphs(): OK
bakery_lint.tests.downstream.test_fontforge_validation_state.FontForgeValidateStateTest.test_duplicate_glyphs(): OK
bakery_lint.tests.downstream.test_fontforge_validation_state.FontForgeValidateStateTest.test_duplicate_unicode_codepoints(): OK
bakery_lint.tests.downstream.test_fontforge_validation_state.FontForgeValidateStateTest.test_flipped_reference_in_glyphs(): OK
bakery_lint.tests.downstream.test_fontforge_validation_state.FontForgeValidateStateTest.test_missing_anchors(): OK
bakery_lint.tests.downstream.test_fontforge_validation_state.FontForgeValidateStateTest.test_missing_extrema_in_glyphs(): FAIL
bakery_lint.tests.downstream.test_fontforge_validation_state.FontForgeValidateStateTest.test_overlapped_hints(): OK
bakery_lint.tests.downstream.test_fontforge_validation_state.FontForgeValidateStateTest.test_points_are_integer_aligned(): OK
bakery_lint.tests.downstream.test_fontforge_validation_state.FontForgeValidateStateTest.test_points_are_not_too_far_apart(): OK
bakery_lint.tests.downstream.test_fontforge_validation_state.FontForgeValidateStateTest.test_postscript_hasnt_limit_hints_in_glyphs(): OK
bakery_lint.tests.downstream.test_fontforge_validation_state.FontForgeValidateStateTest.test_postscript_hasnt_limit_points_in_glyphs(): OK
bakery_lint.tests.downstream.test_fontforge_validation_state.FontForgeValidateStateTest.test_referenced_glyphs_are_present(): OK
bakery_lint.tests.downstream.test_fontforge_validation_state.FontForgeValidateStateTest.test_valid_glyph_names(): OK
bakery_lint.tests.downstream.test_fontforge_validation_state.FontForgeValidateStateTest.test_valid_length_instructions(): OK
bakery_lint.tests.downstream.test_fontforge_validation_state.FontForgeValidateStateTest.test_validation_glyph_intersect(): FAIL
bakery_lint.tests.downstream.test_fontforge_validation_state.FontForgeValidateStateTest.test_validation_open_contours(): OK
bakery_lint.tests.downstream.test_fontforge_validation_state.FontForgeValidateStateTest.test_wrong_direction_in_glyphs(): OK
### Optimize TTF Rokkitt-Regular.ttf
$ ls -l 'Rokkitt-Regular.ttf'* # look at the size savings of that subset process
Rokkitt-Regular.ttf.opt: 34560 bytes
Rokkitt-Regular.ttf: 46460 bytes
$ mv /home/travis/build/fontdirectory/rokkitt/builds/build/Rokkitt-Regular.ttf.opt /home/travis/build/fontdirectory/rokkitt/builds/build/Rokkitt-Regular.ttf
### Autohint TTFs (ttfautohint) Rokkitt-Regular.ttf
$ ttfautohint -l 7 -r 28 -G 50 -x 13 -w "G" /home/travis/build/fontdirectory/rokkitt/builds/build/Rokkitt-Regular.ttf '/home/travis/build/fontdirectory/rokkitt/builds/build/Rokkitt-Regular.autohint.ttf'

$ ls -l /home/travis/build/fontdirectory/rokkitt/builds/build/Rokkitt-Regular.*ttf # look at the size savings of that subset process
/home/travis/build/fontdirectory/rokkitt/builds/build/Rokkitt-Regular.ttf: 34560 bytes
/home/travis/build/fontdirectory/rokkitt/builds/build/Rokkitt-Regular.autohint.ttf: 55260 bytes
$ mv /home/travis/build/fontdirectory/rokkitt/builds/build/Rokkitt-Regular.autohint.ttf /home/travis/build/fontdirectory/rokkitt/builds/build/Rokkitt-Regular.ttf
### Subset TTFs (pyftsubset) Rokkitt-Regular.ttf
$ pyftsubset Rokkitt-Regular.latin
$ pyftsubset Rokkitt-Regular.menu
No nbsp glyph
spaceWidth is    430
nbspWidth is     0
Rokkitt-Regular.ttf.fix made with spaceWidth and nbspWidth of 430
strippedname:/home/travis/build/fontdirectory/rokkitt/builds/build/Rokkitt-Regular.ttf
### Test Rokkitt-Light.ttf
$ fontbakery-check.py result Rokkitt-Light.ttf
bakery_lint.tests.downstream.test_check_italic_angle_agreement.CheckItalicAngleAgreement.test_check_italic_angle_agreement(): OK
bakery_lint.tests.downstream.test_check_upm_heights_less_120.TestCheckUPMHeightsLess120.test_check_upm_heigths_less_120(): OK
bakery_lint.tests.downstream.test_check_font_tables.CheckFontHasDsigTable.test_check_font_has_dsig_table(): FAIL
$ fontbakery-fix-dsig.py /home/travis/build/fontdirectory/rokkitt/builds/build/Rokkitt-Light.ttf
$ mv /home/travis/build/fontdirectory/rokkitt/builds/build/Rokkitt-Light.ttf.fix /home/travis/build/fontdirectory/rokkitt/builds/build/Rokkitt-Light.ttf
bakery_lint.tests.downstream.test_check_font_tables.CheckFontHasDsigTable.test_check_font_has_dsig_table(): OK
bakery_lint.tests.downstream.test_check_font_tables.CheckFontHasNotKernTable.test_no_kern_table_exists(): OK
bakery_lint.tests.downstream.test_check_name_table_recommendation.CheckStyleNameRecommendation.test_check_stylename_is_under_recommendations(): FAIL
$ fontbakery-fix-opentype-names.py /home/travis/build/fontdirectory/rokkitt/builds/build/Rokkitt-Light.ttf
$ mv /home/travis/build/fontdirectory/rokkitt/builds/build/Rokkitt-Light.ttf.fix /home/travis/build/fontdirectory/rokkitt/builds/build/Rokkitt-Light.ttf
bakery_lint.tests.downstream.test_check_name_table_recommendation.CheckStyleNameRecommendation.test_check_stylename_is_under_recommendations(): FAIL
bakery_lint.tests.downstream.test_check_name_table_recommendation.CheckOTFamilyNameRecommendation.test_check_opentype_familyname(): OK
bakery_lint.tests.downstream.test_check_name_table_recommendation.CheckOTStyleNameRecommendation.test_check_opentype_stylename(): FAIL
$ fontbakery-fix-opentype-names.py /home/travis/build/fontdirectory/rokkitt/builds/build/Rokkitt-Light.ttf
$ mv /home/travis/build/fontdirectory/rokkitt/builds/build/Rokkitt-Light.ttf.fix /home/travis/build/fontdirectory/rokkitt/builds/build/Rokkitt-Light.ttf
bakery_lint.tests.downstream.test_check_name_table_recommendation.CheckOTStyleNameRecommendation.test_check_opentype_stylename(): FAIL
bakery_lint.tests.downstream.test_check_name_table_recommendation.CheckOTFullNameRecommendation.test_check_opentype_fullname(): OK
bakery_lint.tests.downstream.test_check_nbsp_width_matches_sp_width.CheckNbspWidthMatchesSpWidth.test_check_nbsp_width_matches_sp_width(): FAIL
$ fontbakery-fix-nbsp.py /home/travis/build/fontdirectory/rokkitt/builds/build/Rokkitt-Light.ttf
$ mv /home/travis/build/fontdirectory/rokkitt/builds/build/Rokkitt-Light.ttf.fix /home/travis/build/fontdirectory/rokkitt/builds/build/Rokkitt-Light.ttf
bakery_lint.tests.downstream.test_check_nbsp_width_matches_sp_width.CheckNbspWidthMatchesSpWidth.test_check_nbsp_width_matches_sp_width(): FAIL
bakery_lint.tests.downstream.test_check_names_same_across_platforms.CheckNamesSameAcrossPlatforms.test_check_names_same_across_platforms(): OK
bakery_lint.tests.downstream.test_check_panose_identification.CheckPanoseIdentification.test_check_panose_identification(): OK
bakery_lint.tests.downstream.test_check_license_included.CheckLicenseIncluded.test_license_included_in_font_names(): OK
bakery_lint.tests.downstream.test_check_full_font_name_begins_with_family_name.CheckFullFontNameBeginsWithFamilyName.test_check_full_font_name_begins_with_family_name(): OK
bakery_lint.tests.downstream.test_check_unused_glyph_data.CheckUnusedGlyphData.test_check_unused_glyph_data(): ERROR
bakery_lint.tests.downstream.test_gasp_table_value.CheckGaspTableType.test_check_gasp_table_type(): FAIL
$ fontbakery-fix-gasp.py --set=15 /home/travis/build/fontdirectory/rokkitt/builds/build/Rokkitt-Light.ttf
$ mv /home/travis/build/fontdirectory/rokkitt/builds/build/Rokkitt-Light.ttf.fix /home/travis/build/fontdirectory/rokkitt/builds/build/Rokkitt-Light.ttf
bakery_lint.tests.downstream.test_gasp_table_value.CheckGaspTableType.test_check_gasp_table_type(): OK
$ fontbakery-fix-gasp.py --set=15 /home/travis/build/fontdirectory/rokkitt/builds/build/Rokkitt-Light.ttf
$ mv /home/travis/build/fontdirectory/rokkitt/builds/build/Rokkitt-Light.ttf.fix /home/travis/build/fontdirectory/rokkitt/builds/build/Rokkitt-Light.ttf
bakery_lint.tests.downstream.test_check_hmtx_hhea_max_advance_width_agreement.CheckHmtxHheaMaxAdvanceWidthAgreement.test_check_hmtx_hhea_max_advance_width_agreement(): OK
bakery_lint.tests.downstream.test_check_font_agreements.CheckFsTypeIsNotSet.test_is_fstype_not_set(): OK
$ fontbakery-fix-fstype.py --autofix /home/travis/build/fontdirectory/rokkitt/builds/build/Rokkitt-Light.ttf
$ mv /home/travis/build/fontdirectory/rokkitt/builds/build/Rokkitt-Light.ttf.fix /home/travis/build/fontdirectory/rokkitt/builds/build/Rokkitt-Light.ttf
bakery_lint.tests.downstream.test_check_font_agreements.CheckFontAgreements.test_em_is_1000(): FAIL
bakery_lint.tests.downstream.test_check_font_agreements.CheckFontAgreements.test_font_is_font(): OK
bakery_lint.tests.downstream.test_check_font_agreements.CheckFontAgreements.test_latin_file_exists(): FAIL
bakery_lint.tests.downstream.test_check_font_agreements.CheckFontAgreements.test_menu_file_exists(): FAIL
bakery_lint.tests.downstream.test_check_magic_prep_code.CheckMagicPREPByteCode.test_prep_magic_code(): FAIL
bakery_lint.tests.downstream.test_check_unencoded_glyph.TestFontUnencodedGlyph.test_font_unencoded_glyphs(): FAIL
$ fontbakery-fix-glyph-private-encoding.py --autofix /home/travis/build/fontdirectory/rokkitt/builds/build/Rokkitt-Light.ttf
$ mv /home/travis/build/fontdirectory/rokkitt/builds/build/Rokkitt-Light.ttf.fix /home/travis/build/fontdirectory/rokkitt/builds/build/Rokkitt-Light.ttf
bakery_lint.tests.downstream.test_check_unencoded_glyph.TestFontUnencodedGlyph.test_font_unencoded_glyphs(): FAIL
bakery_lint.tests.downstream.test_check_glyph_existence.CheckGlyphExistence.test_euro(): OK
bakery_lint.tests.downstream.test_check_glyph_existence.CheckGlyphExistence.test_nbsp(): OK
bakery_lint.tests.downstream.test_check_glyph_existence.CheckGlyphExistence.test_space(): OK
bakery_lint.tests.downstream.test_check_vertical_metrics.CheckVerticalLinegapMetrics.test_metrics_linegaps_are_zero(): OK
bakery_lint.tests.downstream.test_check_vertical_metrics.CheckVerticalAscentMetrics.test_metrics_ascents_equal_bbox(): OK
bakery_lint.tests.downstream.test_check_vertical_metrics.CheckVerticalDescentMetrics.test_metrics_descents_equal_bbox(): OK
bakery_lint.tests.downstream.test_names_are_ascii_only.CheckNamesAreASCIIOnly.test_check_names_are_ascii_only(): OK
bakery_lint.tests.downstream.test_check_glyf_table_length.CheckGlyfTableLength.test_check_glyf_table_length(): FAIL
bakery_lint.tests.downstream.test_check_os2_width_class.CheckOS2WidthClass.test_check_os2_width_class(): OK
bakery_lint.tests.downstream.test_check_no_problematic_formats.CheckNoProblematicFormats.test_check_no_problematic_formats(): OK
bakery_lint.tests.downstream.test_check_fontname_matches_macstyle.CheckFontNameEqualToMacStyleFlags.test_fontname_is_equal_to_macstyle(): FAIL
bakery_lint.tests.downstream.test_gpos_table_has_kerning_info.CheckGposTableHasKerningInfo.test_gpos_table_has_kerning_info(): OK
The following table(s) in the font have been ignored by FontForge
  Ignoring 'DSIG' digital signature table
The glyph named nonbreakingspace is mapped to U+F013E.
But its name indicates it should be mapped to U+00A0.
bakery_lint.tests.downstream.test_fontforge_validation_state.FontForgeValidateStateTest.test_allowed_numbers_paths_in_composite_glyphs(): OK
bakery_lint.tests.downstream.test_fontforge_validation_state.FontForgeValidateStateTest.test_allowed_numbers_paths_in_glyphs(): OK
bakery_lint.tests.downstream.test_fontforge_validation_state.FontForgeValidateStateTest.test_allowed_numbers_points_in_composite_glyphs(): OK
bakery_lint.tests.downstream.test_fontforge_validation_state.FontForgeValidateStateTest.test_allowed_numbers_points_in_glyphs(): OK
bakery_lint.tests.downstream.test_fontforge_validation_state.FontForgeValidateStateTest.test_duplicate_glyphs(): OK
bakery_lint.tests.downstream.test_fontforge_validation_state.FontForgeValidateStateTest.test_duplicate_unicode_codepoints(): OK
bakery_lint.tests.downstream.test_fontforge_validation_state.FontForgeValidateStateTest.test_flipped_reference_in_glyphs(): OK
bakery_lint.tests.downstream.test_fontforge_validation_state.FontForgeValidateStateTest.test_missing_anchors(): OK
bakery_lint.tests.downstream.test_fontforge_validation_state.FontForgeValidateStateTest.test_missing_extrema_in_glyphs(): FAIL
bakery_lint.tests.downstream.test_fontforge_validation_state.FontForgeValidateStateTest.test_overlapped_hints(): OK
bakery_lint.tests.downstream.test_fontforge_validation_state.FontForgeValidateStateTest.test_points_are_integer_aligned(): OK
bakery_lint.tests.downstream.test_fontforge_validation_state.FontForgeValidateStateTest.test_points_are_not_too_far_apart(): OK
bakery_lint.tests.downstream.test_fontforge_validation_state.FontForgeValidateStateTest.test_postscript_hasnt_limit_hints_in_glyphs(): OK
bakery_lint.tests.downstream.test_fontforge_validation_state.FontForgeValidateStateTest.test_postscript_hasnt_limit_points_in_glyphs(): OK
bakery_lint.tests.downstream.test_fontforge_validation_state.FontForgeValidateStateTest.test_referenced_glyphs_are_present(): OK
bakery_lint.tests.downstream.test_fontforge_validation_state.FontForgeValidateStateTest.test_valid_glyph_names(): FAIL
bakery_lint.tests.downstream.test_fontforge_validation_state.FontForgeValidateStateTest.test_valid_length_instructions(): OK
bakery_lint.tests.downstream.test_fontforge_validation_state.FontForgeValidateStateTest.test_validation_glyph_intersect(): FAIL
bakery_lint.tests.downstream.test_fontforge_validation_state.FontForgeValidateStateTest.test_validation_open_contours(): OK
bakery_lint.tests.downstream.test_fontforge_validation_state.FontForgeValidateStateTest.test_wrong_direction_in_glyphs(): OK
### Optimize TTF Rokkitt-Light.ttf
$ ls -l 'Rokkitt-Light.ttf'* # look at the size savings of that subset process
Rokkitt-Light.ttf.opt: 22648 bytes
Rokkitt-Light.ttf: 25000 bytes
$ mv /home/travis/build/fontdirectory/rokkitt/builds/build/Rokkitt-Light.ttf.opt /home/travis/build/fontdirectory/rokkitt/builds/build/Rokkitt-Light.ttf
### Autohint TTFs (ttfautohint) Rokkitt-Light.ttf
$ ttfautohint -l 7 -r 28 -G 50 -x 13 -w "G" /home/travis/build/fontdirectory/rokkitt/builds/build/Rokkitt-Light.ttf '/home/travis/build/fontdirectory/rokkitt/builds/build/Rokkitt-Light.autohint.ttf'

$ ls -l /home/travis/build/fontdirectory/rokkitt/builds/build/Rokkitt-Light.*ttf # look at the size savings of that subset process
/home/travis/build/fontdirectory/rokkitt/builds/build/Rokkitt-Light.ttf: 22648 bytes
/home/travis/build/fontdirectory/rokkitt/builds/build/Rokkitt-Light.autohint.ttf: 38476 bytes
$ mv /home/travis/build/fontdirectory/rokkitt/builds/build/Rokkitt-Light.autohint.ttf /home/travis/build/fontdirectory/rokkitt/builds/build/Rokkitt-Light.ttf
### Subset TTFs (pyftsubset) Rokkitt-Light.ttf
$ pyftsubset Rokkitt-Light.latin
$ pyftsubset Rokkitt-Light.menu
No nbsp glyph
spaceWidth is    395
nbspWidth is     0
Rokkitt-Light.ttf.fix made with spaceWidth and nbspWidth of 395
strippedname:/home/travis/build/fontdirectory/rokkitt/builds/build/Rokkitt-Light.ttf
$ fontbakery-build-font2ttf.py sources/Rokkitt-Light-TTF.sfd Rokkitt-Light-TTF.ttf
Internal Error: Invalid 2nd order spline in SplineRefigure2
Internal Error: Invalid 2nd order spline in SplineRefigure2
Internal Error: Invalid 2nd order spline in SplineRefigure2
Internal Error: Invalid 2nd order spline in SplineRefigure2
Internal Error: Invalid 2nd order spline in SplineRefigure2
Internal Error: Invalid 2nd order spline in SplineRefigure2
Internal Error: Invalid 2nd order spline in SplineRefigure2
Internal Error: Invalid 2nd order spline in SplineRefigure2
Internal Error: Invalid 2nd order spline in SplineRefigure2
Internal Error: Invalid 2nd order spline in SplineRefigure2
Internal Error: Invalid 2nd order spline in SplineRefigure2
Internal Error: Invalid 2nd order spline in SplineRefigure2
Internal Error: Invalid 2nd order spline in SplineRefigure2
Internal Error: Invalid 2nd order spline in SplineRefigure2
Internal Error: Invalid 2nd order spline in SplineRefigure2
Internal Error: Invalid 2nd order spline in SplineRefigure2
Internal Error: Invalid 2nd order spline in SplineRefigure2
Internal Error: Invalid 2nd order spline in SplineRefigure2
Internal Error: Invalid 2nd order spline in SplineRefigure2
Internal Error: Invalid 2nd order spline in SplineRefigure2
Success: Generated OpenType-TTF (/home/travis/build/fontdirectory/rokkitt/builds/build/Rokkitt-Light-TTF.ttf)
### Test Rokkitt-Light-TTF.ttf
$ fontbakery-check.py result Rokkitt-Light-TTF.ttf
bakery_lint.tests.downstream.test_check_italic_angle_agreement.CheckItalicAngleAgreement.test_check_italic_angle_agreement(): OK
bakery_lint.tests.downstream.test_check_upm_heights_less_120.TestCheckUPMHeightsLess120.test_check_upm_heigths_less_120(): OK
bakery_lint.tests.downstream.test_check_font_tables.CheckFontHasDsigTable.test_check_font_has_dsig_table(): OK
bakery_lint.tests.downstream.test_check_font_tables.CheckFontHasNotKernTable.test_no_kern_table_exists(): OK
bakery_lint.tests.downstream.test_check_name_table_recommendation.CheckStyleNameRecommendation.test_check_stylename_is_under_recommendations(): FAIL
$ fontbakery-fix-opentype-names.py /home/travis/build/fontdirectory/rokkitt/builds/build/Rokkitt-Light-TTF.ttf
$ mv /home/travis/build/fontdirectory/rokkitt/builds/build/Rokkitt-Light-TTF.ttf.fix /home/travis/build/fontdirectory/rokkitt/builds/build/Rokkitt-Light-TTF.ttf
bakery_lint.tests.downstream.test_check_name_table_recommendation.CheckStyleNameRecommendation.test_check_stylename_is_under_recommendations(): FAIL
bakery_lint.tests.downstream.test_check_name_table_recommendation.CheckOTFamilyNameRecommendation.test_check_opentype_familyname(): OK
bakery_lint.tests.downstream.test_check_name_table_recommendation.CheckOTStyleNameRecommendation.test_check_opentype_stylename(): FAIL
$ fontbakery-fix-opentype-names.py /home/travis/build/fontdirectory/rokkitt/builds/build/Rokkitt-Light-TTF.ttf
$ mv /home/travis/build/fontdirectory/rokkitt/builds/build/Rokkitt-Light-TTF.ttf.fix /home/travis/build/fontdirectory/rokkitt/builds/build/Rokkitt-Light-TTF.ttf
bakery_lint.tests.downstream.test_check_name_table_recommendation.CheckOTStyleNameRecommendation.test_check_opentype_stylename(): FAIL
bakery_lint.tests.downstream.test_check_name_table_recommendation.CheckOTFullNameRecommendation.test_check_opentype_fullname(): OK
bakery_lint.tests.downstream.test_check_nbsp_width_matches_sp_width.CheckNbspWidthMatchesSpWidth.test_check_nbsp_width_matches_sp_width(): FAIL
$ fontbakery-fix-nbsp.py /home/travis/build/fontdirectory/rokkitt/builds/build/Rokkitt-Light-TTF.ttf
$ mv /home/travis/build/fontdirectory/rokkitt/builds/build/Rokkitt-Light-TTF.ttf.fix /home/travis/build/fontdirectory/rokkitt/builds/build/Rokkitt-Light-TTF.ttf
bakery_lint.tests.downstream.test_check_nbsp_width_matches_sp_width.CheckNbspWidthMatchesSpWidth.test_check_nbsp_width_matches_sp_width(): FAIL
bakery_lint.tests.downstream.test_check_names_same_across_platforms.CheckNamesSameAcrossPlatforms.test_check_names_same_across_platforms(): OK
bakery_lint.tests.downstream.test_check_panose_identification.CheckPanoseIdentification.test_check_panose_identification(): OK
bakery_lint.tests.downstream.test_check_license_included.CheckLicenseIncluded.test_license_included_in_font_names(): OK
bakery_lint.tests.downstream.test_check_full_font_name_begins_with_family_name.CheckFullFontNameBeginsWithFamilyName.test_check_full_font_name_begins_with_family_name(): OK
bakery_lint.tests.downstream.test_check_unused_glyph_data.CheckUnusedGlyphData.test_check_unused_glyph_data(): ERROR
bakery_lint.tests.downstream.test_gasp_table_value.CheckGaspTableType.test_check_gasp_table_type(): FAIL
$ fontbakery-fix-gasp.py --set=15 /home/travis/build/fontdirectory/rokkitt/builds/build/Rokkitt-Light-TTF.ttf
$ mv /home/travis/build/fontdirectory/rokkitt/builds/build/Rokkitt-Light-TTF.ttf.fix /home/travis/build/fontdirectory/rokkitt/builds/build/Rokkitt-Light-TTF.ttf
bakery_lint.tests.downstream.test_gasp_table_value.CheckGaspTableType.test_check_gasp_table_type(): OK
$ fontbakery-fix-gasp.py --set=15 /home/travis/build/fontdirectory/rokkitt/builds/build/Rokkitt-Light-TTF.ttf
$ mv /home/travis/build/fontdirectory/rokkitt/builds/build/Rokkitt-Light-TTF.ttf.fix /home/travis/build/fontdirectory/rokkitt/builds/build/Rokkitt-Light-TTF.ttf
bakery_lint.tests.downstream.test_check_hmtx_hhea_max_advance_width_agreement.CheckHmtxHheaMaxAdvanceWidthAgreement.test_check_hmtx_hhea_max_advance_width_agreement(): OK
bakery_lint.tests.downstream.test_check_font_agreements.CheckFsTypeIsNotSet.test_is_fstype_not_set(): OK
$ fontbakery-fix-fstype.py --autofix /home/travis/build/fontdirectory/rokkitt/builds/build/Rokkitt-Light-TTF.ttf
$ mv /home/travis/build/fontdirectory/rokkitt/builds/build/Rokkitt-Light-TTF.ttf.fix /home/travis/build/fontdirectory/rokkitt/builds/build/Rokkitt-Light-TTF.ttf
bakery_lint.tests.downstream.test_check_font_agreements.CheckFontAgreements.test_em_is_1000(): FAIL
bakery_lint.tests.downstream.test_check_font_agreements.CheckFontAgreements.test_font_is_font(): OK
bakery_lint.tests.downstream.test_check_font_agreements.CheckFontAgreements.test_latin_file_exists(): FAIL
bakery_lint.tests.downstream.test_check_font_agreements.CheckFontAgreements.test_menu_file_exists(): FAIL
bakery_lint.tests.downstream.test_check_magic_prep_code.CheckMagicPREPByteCode.test_prep_magic_code(): FAIL
bakery_lint.tests.downstream.test_check_unencoded_glyph.TestFontUnencodedGlyph.test_font_unencoded_glyphs(): FAIL
$ fontbakery-fix-glyph-private-encoding.py --autofix /home/travis/build/fontdirectory/rokkitt/builds/build/Rokkitt-Light-TTF.ttf
$ mv /home/travis/build/fontdirectory/rokkitt/builds/build/Rokkitt-Light-TTF.ttf.fix /home/travis/build/fontdirectory/rokkitt/builds/build/Rokkitt-Light-TTF.ttf
bakery_lint.tests.downstream.test_check_unencoded_glyph.TestFontUnencodedGlyph.test_font_unencoded_glyphs(): FAIL
bakery_lint.tests.downstream.test_check_glyph_existence.CheckGlyphExistence.test_euro(): OK
bakery_lint.tests.downstream.test_check_glyph_existence.CheckGlyphExistence.test_nbsp(): OK
bakery_lint.tests.downstream.test_check_glyph_existence.CheckGlyphExistence.test_space(): OK
bakery_lint.tests.downstream.test_check_vertical_metrics.CheckVerticalLinegapMetrics.test_metrics_linegaps_are_zero(): OK
bakery_lint.tests.downstream.test_check_vertical_metrics.CheckVerticalAscentMetrics.test_metrics_ascents_equal_bbox(): FAIL
$ fontbakery-fix-vertical-metrics.py --autofix /home/travis/build/fontdirectory/rokkitt/builds/build/Rokkitt-Light-TTF.ttf /home/travis/build/fontdirectory/rokkitt/builds/build/Rokkitt-Bold.ttf /home/travis/build/fontdirectory/rokkitt/builds/build/Rokkitt-Light.ttf /home/travis/build/fontdirectory/rokkitt/builds/build/Rokkitt-Regular.ttf
$ mv /home/travis/build/fontdirectory/rokkitt/builds/build/Rokkitt-Light-TTF.ttf.fix /home/travis/build/fontdirectory/rokkitt/builds/build/Rokkitt-Light-TTF.ttf
$ mv /home/travis/build/fontdirectory/rokkitt/builds/build/Rokkitt-Bold.ttf.fix /home/travis/build/fontdirectory/rokkitt/builds/build/Rokkitt-Bold.ttf
$ mv /home/travis/build/fontdirectory/rokkitt/builds/build/Rokkitt-Light.ttf.fix /home/travis/build/fontdirectory/rokkitt/builds/build/Rokkitt-Light.ttf
$ mv /home/travis/build/fontdirectory/rokkitt/builds/build/Rokkitt-Regular.ttf.fix /home/travis/build/fontdirectory/rokkitt/builds/build/Rokkitt-Regular.ttf
$ fontbakery-fix-vertical-metrics.py /home/travis/build/fontdirectory/rokkitt/builds/build/Rokkitt-Light-TTF.ttf /home/travis/build/fontdirectory/rokkitt/builds/build/Rokkitt-Bold.ttf /home/travis/build/fontdirectory/rokkitt/builds/build/Rokkitt-Light.ttf /home/travis/build/fontdirectory/rokkitt/builds/build/Rokkitt-Regular.ttf
Parameter              Rokkitt-Light-TTF.ttf    Rokkitt-Bold.ttf    Rokkitt-Light.ttf    Rokkitt-Regular.ttf    
ymax                   1650                     1673                1650                 1552                   
hhea.ascent            1673                     1673                1673                 1673                   
OS/2.sTypoAscender     1673                     1673                1673                 1673                   
OS/2.usWinAscent       1673                     1673                1673                 1673                   
ymin                   -441                     -657                -433                 -595                   
hhea.descent           -657                     -657                -657                 -657                   
OS/2.sTypoDescender    -657                     -657                -657                 -657                   
OS/2.usWinDescent      657                      657                 657                  657                    
hhea.lineGap           0                        0                   0                    0                      
OS/2.sTypoLineGap      0                        0                   0                    0                      
hhea total             2330                     2330                2330                 2330                   
typo total             2330                     2330                2330                 2330                   
win total              2330                     2330                2330                 2330                   
UPM:Heights            2048:2091                2048:2330           2048:2083            2048:2147              
UPM:Heights %          102 %                    113 %               101 %                104 %                  


bakery_lint.tests.downstream.test_check_vertical_metrics.CheckVerticalAscentMetrics.test_metrics_ascents_equal_bbox(): OK
bakery_lint.tests.downstream.test_check_vertical_metrics.CheckVerticalDescentMetrics.test_metrics_descents_equal_bbox(): OK
bakery_lint.tests.downstream.test_names_are_ascii_only.CheckNamesAreASCIIOnly.test_check_names_are_ascii_only(): OK
bakery_lint.tests.downstream.test_check_glyf_table_length.CheckGlyfTableLength.test_check_glyf_table_length(): FAIL
bakery_lint.tests.downstream.test_check_os2_width_class.CheckOS2WidthClass.test_check_os2_width_class(): OK
bakery_lint.tests.downstream.test_check_no_problematic_formats.CheckNoProblematicFormats.test_check_no_problematic_formats(): OK
bakery_lint.tests.downstream.test_check_fontname_matches_macstyle.CheckFontNameEqualToMacStyleFlags.test_fontname_is_equal_to_macstyle(): FAIL
bakery_lint.tests.downstream.test_gpos_table_has_kerning_info.CheckGposTableHasKerningInfo.test_gpos_table_has_kerning_info(): OK
The following table(s) in the font have been ignored by FontForge
  Ignoring 'DSIG' digital signature table
The glyph named nonbreakingspace is mapped to U+F0148.
But its name indicates it should be mapped to U+00A0.
bakery_lint.tests.downstream.test_fontforge_validation_state.FontForgeValidateStateTest.test_allowed_numbers_paths_in_composite_glyphs(): OK
bakery_lint.tests.downstream.test_fontforge_validation_state.FontForgeValidateStateTest.test_allowed_numbers_paths_in_glyphs(): OK
bakery_lint.tests.downstream.test_fontforge_validation_state.FontForgeValidateStateTest.test_allowed_numbers_points_in_composite_glyphs(): OK
bakery_lint.tests.downstream.test_fontforge_validation_state.FontForgeValidateStateTest.test_allowed_numbers_points_in_glyphs(): OK
bakery_lint.tests.downstream.test_fontforge_validation_state.FontForgeValidateStateTest.test_duplicate_glyphs(): OK
bakery_lint.tests.downstream.test_fontforge_validation_state.FontForgeValidateStateTest.test_duplicate_unicode_codepoints(): OK
bakery_lint.tests.downstream.test_fontforge_validation_state.FontForgeValidateStateTest.test_flipped_reference_in_glyphs(): OK
bakery_lint.tests.downstream.test_fontforge_validation_state.FontForgeValidateStateTest.test_missing_anchors(): OK
bakery_lint.tests.downstream.test_fontforge_validation_state.FontForgeValidateStateTest.test_missing_extrema_in_glyphs(): FAIL
bakery_lint.tests.downstream.test_fontforge_validation_state.FontForgeValidateStateTest.test_overlapped_hints(): OK
bakery_lint.tests.downstream.test_fontforge_validation_state.FontForgeValidateStateTest.test_points_are_integer_aligned(): OK
bakery_lint.tests.downstream.test_fontforge_validation_state.FontForgeValidateStateTest.test_points_are_not_too_far_apart(): OK
bakery_lint.tests.downstream.test_fontforge_validation_state.FontForgeValidateStateTest.test_postscript_hasnt_limit_hints_in_glyphs(): OK
bakery_lint.tests.downstream.test_fontforge_validation_state.FontForgeValidateStateTest.test_postscript_hasnt_limit_points_in_glyphs(): OK
bakery_lint.tests.downstream.test_fontforge_validation_state.FontForgeValidateStateTest.test_referenced_glyphs_are_present(): OK
bakery_lint.tests.downstream.test_fontforge_validation_state.FontForgeValidateStateTest.test_valid_glyph_names(): FAIL
bakery_lint.tests.downstream.test_fontforge_validation_state.FontForgeValidateStateTest.test_valid_length_instructions(): OK
bakery_lint.tests.downstream.test_fontforge_validation_state.FontForgeValidateStateTest.test_validation_glyph_intersect(): FAIL
bakery_lint.tests.downstream.test_fontforge_validation_state.FontForgeValidateStateTest.test_validation_open_contours(): OK
bakery_lint.tests.downstream.test_fontforge_validation_state.FontForgeValidateStateTest.test_wrong_direction_in_glyphs(): OK
### Optimize TTF Rokkitt-Light-TTF.ttf
$ ls -l 'Rokkitt-Light-TTF.ttf'* # look at the size savings of that subset process
Rokkitt-Light-TTF.ttf.opt: 23320 bytes
Rokkitt-Light-TTF.ttf: 26004 bytes
$ mv /home/travis/build/fontdirectory/rokkitt/builds/build/Rokkitt-Light-TTF.ttf.opt /home/travis/build/fontdirectory/rokkitt/builds/build/Rokkitt-Light-TTF.ttf
### Autohint TTFs (ttfautohint) Rokkitt-Light-TTF.ttf
$ ttfautohint -l 7 -r 28 -G 50 -x 13 -w "G" /home/travis/build/fontdirectory/rokkitt/builds/build/Rokkitt-Light-TTF.ttf '/home/travis/build/fontdirectory/rokkitt/builds/build/Rokkitt-Light-TTF.autohint.ttf'

$ ls -l /home/travis/build/fontdirectory/rokkitt/builds/build/Rokkitt-Light-TTF.*ttf # look at the size savings of that subset process
/home/travis/build/fontdirectory/rokkitt/builds/build/Rokkitt-Light-TTF.ttf: 23320 bytes
/home/travis/build/fontdirectory/rokkitt/builds/build/Rokkitt-Light-TTF.autohint.ttf: 39136 bytes
$ mv /home/travis/build/fontdirectory/rokkitt/builds/build/Rokkitt-Light-TTF.autohint.ttf /home/travis/build/fontdirectory/rokkitt/builds/build/Rokkitt-Light-TTF.ttf
### Subset TTFs (pyftsubset) Rokkitt-Light-TTF.ttf
$ pyftsubset Rokkitt-Light-TTF.latin
$ pyftsubset Rokkitt-Light-TTF.menu
No nbsp glyph
spaceWidth is    395
nbspWidth is     0
Rokkitt-Light-TTF.ttf.fix made with spaceWidth and nbspWidth of 395
strippedname:/home/travis/build/fontdirectory/rokkitt/builds/build/Rokkitt-Light-TTF.ttf
$ fontbakery-build-font2ttf.py sources/Rokkitt-Regular-TTF.sfd Rokkitt-Regular-TTF.ttf
Success: Generated OpenType-TTF (/home/travis/build/fontdirectory/rokkitt/builds/build/Rokkitt-Regular-TTF.ttf)
### Test Rokkitt-Regular-TTF.ttf
$ fontbakery-check.py result Rokkitt-Regular-TTF.ttf
bakery_lint.tests.downstream.test_check_italic_angle_agreement.CheckItalicAngleAgreement.test_check_italic_angle_agreement(): OK
bakery_lint.tests.downstream.test_check_upm_heights_less_120.TestCheckUPMHeightsLess120.test_check_upm_heigths_less_120(): OK
bakery_lint.tests.downstream.test_check_font_tables.CheckFontHasDsigTable.test_check_font_has_dsig_table(): OK
bakery_lint.tests.downstream.test_check_font_tables.CheckFontHasNotKernTable.test_no_kern_table_exists(): OK
bakery_lint.tests.downstream.test_check_name_table_recommendation.CheckStyleNameRecommendation.test_check_stylename_is_under_recommendations(): OK
bakery_lint.tests.downstream.test_check_name_table_recommendation.CheckOTFamilyNameRecommendation.test_check_opentype_familyname(): FAIL
$ fontbakery-fix-opentype-names.py /home/travis/build/fontdirectory/rokkitt/builds/build/Rokkitt-Regular-TTF.ttf
$ mv /home/travis/build/fontdirectory/rokkitt/builds/build/Rokkitt-Regular-TTF.ttf.fix /home/travis/build/fontdirectory/rokkitt/builds/build/Rokkitt-Regular-TTF.ttf
bakery_lint.tests.downstream.test_check_name_table_recommendation.CheckOTFamilyNameRecommendation.test_check_opentype_familyname(): OK
bakery_lint.tests.downstream.test_check_name_table_recommendation.CheckOTStyleNameRecommendation.test_check_opentype_stylename(): OK
bakery_lint.tests.downstream.test_check_name_table_recommendation.CheckOTFullNameRecommendation.test_check_opentype_fullname(): OK
bakery_lint.tests.downstream.test_check_nbsp_width_matches_sp_width.CheckNbspWidthMatchesSpWidth.test_check_nbsp_width_matches_sp_width(): FAIL
$ fontbakery-fix-nbsp.py /home/travis/build/fontdirectory/rokkitt/builds/build/Rokkitt-Regular-TTF.ttf
$ mv /home/travis/build/fontdirectory/rokkitt/builds/build/Rokkitt-Regular-TTF.ttf.fix /home/travis/build/fontdirectory/rokkitt/builds/build/Rokkitt-Regular-TTF.ttf
bakery_lint.tests.downstream.test_check_nbsp_width_matches_sp_width.CheckNbspWidthMatchesSpWidth.test_check_nbsp_width_matches_sp_width(): FAIL
bakery_lint.tests.downstream.test_check_names_same_across_platforms.CheckNamesSameAcrossPlatforms.test_check_names_same_across_platforms(): OK
bakery_lint.tests.downstream.test_check_panose_identification.CheckPanoseIdentification.test_check_panose_identification(): OK
bakery_lint.tests.downstream.test_check_license_included.CheckLicenseIncluded.test_license_included_in_font_names(): ERROR
bakery_lint.tests.downstream.test_check_full_font_name_begins_with_family_name.CheckFullFontNameBeginsWithFamilyName.test_check_full_font_name_begins_with_family_name(): OK
bakery_lint.tests.downstream.test_check_unused_glyph_data.CheckUnusedGlyphData.test_check_unused_glyph_data(): ERROR
bakery_lint.tests.downstream.test_gasp_table_value.CheckGaspTableType.test_check_gasp_table_type(): OK
$ fontbakery-fix-gasp.py --set=15 /home/travis/build/fontdirectory/rokkitt/builds/build/Rokkitt-Regular-TTF.ttf
$ mv /home/travis/build/fontdirectory/rokkitt/builds/build/Rokkitt-Regular-TTF.ttf.fix /home/travis/build/fontdirectory/rokkitt/builds/build/Rokkitt-Regular-TTF.ttf
bakery_lint.tests.downstream.test_check_hmtx_hhea_max_advance_width_agreement.CheckHmtxHheaMaxAdvanceWidthAgreement.test_check_hmtx_hhea_max_advance_width_agreement(): OK
bakery_lint.tests.downstream.test_check_font_agreements.CheckFsTypeIsNotSet.test_is_fstype_not_set(): OK
$ fontbakery-fix-fstype.py --autofix /home/travis/build/fontdirectory/rokkitt/builds/build/Rokkitt-Regular-TTF.ttf
$ mv /home/travis/build/fontdirectory/rokkitt/builds/build/Rokkitt-Regular-TTF.ttf.fix /home/travis/build/fontdirectory/rokkitt/builds/build/Rokkitt-Regular-TTF.ttf
bakery_lint.tests.downstream.test_check_font_agreements.CheckFontAgreements.test_em_is_1000(): FAIL
bakery_lint.tests.downstream.test_check_font_agreements.CheckFontAgreements.test_font_is_font(): OK
bakery_lint.tests.downstream.test_check_font_agreements.CheckFontAgreements.test_latin_file_exists(): FAIL
bakery_lint.tests.downstream.test_check_font_agreements.CheckFontAgreements.test_menu_file_exists(): FAIL
bakery_lint.tests.downstream.test_check_magic_prep_code.CheckMagicPREPByteCode.test_prep_magic_code(): FAIL
bakery_lint.tests.downstream.test_check_unencoded_glyph.TestFontUnencodedGlyph.test_font_unencoded_glyphs(): FAIL
$ fontbakery-fix-glyph-private-encoding.py --autofix /home/travis/build/fontdirectory/rokkitt/builds/build/Rokkitt-Regular-TTF.ttf
$ mv /home/travis/build/fontdirectory/rokkitt/builds/build/Rokkitt-Regular-TTF.ttf.fix /home/travis/build/fontdirectory/rokkitt/builds/build/Rokkitt-Regular-TTF.ttf
bakery_lint.tests.downstream.test_check_unencoded_glyph.TestFontUnencodedGlyph.test_font_unencoded_glyphs(): FAIL
bakery_lint.tests.downstream.test_check_glyph_existence.CheckGlyphExistence.test_euro(): OK
bakery_lint.tests.downstream.test_check_glyph_existence.CheckGlyphExistence.test_nbsp(): OK
bakery_lint.tests.downstream.test_check_glyph_existence.CheckGlyphExistence.test_space(): OK
bakery_lint.tests.downstream.test_check_vertical_metrics.CheckVerticalLinegapMetrics.test_metrics_linegaps_are_zero(): OK
bakery_lint.tests.downstream.test_check_vertical_metrics.CheckVerticalAscentMetrics.test_metrics_ascents_equal_bbox(): FAIL
$ fontbakery-fix-vertical-metrics.py --autofix /home/travis/build/fontdirectory/rokkitt/builds/build/Rokkitt-Light-TTF.ttf /home/travis/build/fontdirectory/rokkitt/builds/build/Rokkitt-Regular-TTF.ttf /home/travis/build/fontdirectory/rokkitt/builds/build/Rokkitt-Bold.ttf /home/travis/build/fontdirectory/rokkitt/builds/build/Rokkitt-Light.ttf /home/travis/build/fontdirectory/rokkitt/builds/build/Rokkitt-Regular.ttf
$ mv /home/travis/build/fontdirectory/rokkitt/builds/build/Rokkitt-Light-TTF.ttf.fix /home/travis/build/fontdirectory/rokkitt/builds/build/Rokkitt-Light-TTF.ttf
$ mv /home/travis/build/fontdirectory/rokkitt/builds/build/Rokkitt-Regular-TTF.ttf.fix /home/travis/build/fontdirectory/rokkitt/builds/build/Rokkitt-Regular-TTF.ttf
$ mv /home/travis/build/fontdirectory/rokkitt/builds/build/Rokkitt-Bold.ttf.fix /home/travis/build/fontdirectory/rokkitt/builds/build/Rokkitt-Bold.ttf
$ mv /home/travis/build/fontdirectory/rokkitt/builds/build/Rokkitt-Light.ttf.fix /home/travis/build/fontdirectory/rokkitt/builds/build/Rokkitt-Light.ttf
$ mv /home/travis/build/fontdirectory/rokkitt/builds/build/Rokkitt-Regular.ttf.fix /home/travis/build/fontdirectory/rokkitt/builds/build/Rokkitt-Regular.ttf
$ fontbakery-fix-vertical-metrics.py /home/travis/build/fontdirectory/rokkitt/builds/build/Rokkitt-Light-TTF.ttf /home/travis/build/fontdirectory/rokkitt/builds/build/Rokkitt-Regular-TTF.ttf /home/travis/build/fontdirectory/rokkitt/builds/build/Rokkitt-Bold.ttf /home/travis/build/fontdirectory/rokkitt/builds/build/Rokkitt-Light.ttf /home/travis/build/fontdirectory/rokkitt/builds/build/Rokkitt-Regular.ttf
Parameter              Rokkitt-Light-TTF.ttf    Rokkitt-Regular-TTF.ttf    Rokkitt-Bold.ttf    Rokkitt-Light.ttf    Rokkitt-Regular.ttf    
ymax                   1650                     1552                       1673                1650                 1552                   
hhea.ascent            1673                     1673                       1673                1673                 1673                   
OS/2.sTypoAscender     1673                     1673                       1673                1673                 1673                   
OS/2.usWinAscent       1673                     1673                       1673                1673                 1673                   
ymin                   -441                     -594                       -657                -433                 -595                   
hhea.descent           -657                     -657                       -657                -657                 -657                   
OS/2.sTypoDescender    -657                     -657                       -657                -657                 -657                   
OS/2.usWinDescent      657                      657                        657                 657                  657                    
hhea.lineGap           0                        0                          0                   0                    0                      
OS/2.sTypoLineGap      0                        0                          0                   0                    0                      
hhea total             2330                     2330                       2330                2330                 2330                   
typo total             2330                     2330                       2330                2330                 2330                   
win total              2330                     2330                       2330                2330                 2330                   
UPM:Heights            2048:2091                2048:2146                  2048:2330           2048:2083            2048:2147              
UPM:Heights %          102 %                    104 %                      113 %               101 %                104 %                  


bakery_lint.tests.downstream.test_check_vertical_metrics.CheckVerticalAscentMetrics.test_metrics_ascents_equal_bbox(): OK
bakery_lint.tests.downstream.test_check_vertical_metrics.CheckVerticalDescentMetrics.test_metrics_descents_equal_bbox(): OK
bakery_lint.tests.downstream.test_names_are_ascii_only.CheckNamesAreASCIIOnly.test_check_names_are_ascii_only(): OK
bakery_lint.tests.downstream.test_check_glyf_table_length.CheckGlyfTableLength.test_check_glyf_table_length(): FAIL
bakery_lint.tests.downstream.test_check_os2_width_class.CheckOS2WidthClass.test_check_os2_width_class(): OK
bakery_lint.tests.downstream.test_check_no_problematic_formats.CheckNoProblematicFormats.test_check_no_problematic_formats(): OK
bakery_lint.tests.downstream.test_check_fontname_matches_macstyle.CheckFontNameEqualToMacStyleFlags.test_fontname_is_equal_to_macstyle(): FAIL
bakery_lint.tests.downstream.test_gpos_table_has_kerning_info.CheckGposTableHasKerningInfo.test_gpos_table_has_kerning_info(): FAIL
The following table(s) in the font have been ignored by FontForge
  Ignoring 'DSIG' digital signature table
The glyph named nonbreakingspace is mapped to U+F0127.
But its name indicates it should be mapped to U+00A0.
bakery_lint.tests.downstream.test_fontforge_validation_state.FontForgeValidateStateTest.test_allowed_numbers_paths_in_composite_glyphs(): OK
bakery_lint.tests.downstream.test_fontforge_validation_state.FontForgeValidateStateTest.test_allowed_numbers_paths_in_glyphs(): OK
bakery_lint.tests.downstream.test_fontforge_validation_state.FontForgeValidateStateTest.test_allowed_numbers_points_in_composite_glyphs(): OK
bakery_lint.tests.downstream.test_fontforge_validation_state.FontForgeValidateStateTest.test_allowed_numbers_points_in_glyphs(): OK
bakery_lint.tests.downstream.test_fontforge_validation_state.FontForgeValidateStateTest.test_duplicate_glyphs(): OK
bakery_lint.tests.downstream.test_fontforge_validation_state.FontForgeValidateStateTest.test_duplicate_unicode_codepoints(): OK
bakery_lint.tests.downstream.test_fontforge_validation_state.FontForgeValidateStateTest.test_flipped_reference_in_glyphs(): OK
bakery_lint.tests.downstream.test_fontforge_validation_state.FontForgeValidateStateTest.test_missing_anchors(): OK
bakery_lint.tests.downstream.test_fontforge_validation_state.FontForgeValidateStateTest.test_missing_extrema_in_glyphs(): OK
bakery_lint.tests.downstream.test_fontforge_validation_state.FontForgeValidateStateTest.test_overlapped_hints(): OK
bakery_lint.tests.downstream.test_fontforge_validation_state.FontForgeValidateStateTest.test_points_are_integer_aligned(): OK
bakery_lint.tests.downstream.test_fontforge_validation_state.FontForgeValidateStateTest.test_points_are_not_too_far_apart(): OK
bakery_lint.tests.downstream.test_fontforge_validation_state.FontForgeValidateStateTest.test_postscript_hasnt_limit_hints_in_glyphs(): OK
bakery_lint.tests.downstream.test_fontforge_validation_state.FontForgeValidateStateTest.test_postscript_hasnt_limit_points_in_glyphs(): OK
bakery_lint.tests.downstream.test_fontforge_validation_state.FontForgeValidateStateTest.test_referenced_glyphs_are_present(): OK
bakery_lint.tests.downstream.test_fontforge_validation_state.FontForgeValidateStateTest.test_valid_glyph_names(): OK
bakery_lint.tests.downstream.test_fontforge_validation_state.FontForgeValidateStateTest.test_valid_length_instructions(): OK
bakery_lint.tests.downstream.test_fontforge_validation_state.FontForgeValidateStateTest.test_validation_glyph_intersect(): FAIL
bakery_lint.tests.downstream.test_fontforge_validation_state.FontForgeValidateStateTest.test_validation_open_contours(): OK
bakery_lint.tests.downstream.test_fontforge_validation_state.FontForgeValidateStateTest.test_wrong_direction_in_glyphs(): OK
### Optimize TTF Rokkitt-Regular-TTF.ttf
$ ls -l 'Rokkitt-Regular-TTF.ttf'* # look at the size savings of that subset process
Rokkitt-Regular-TTF.ttf.opt: 24172 bytes
Rokkitt-Regular-TTF.ttf: 26636 bytes
$ mv /home/travis/build/fontdirectory/rokkitt/builds/build/Rokkitt-Regular-TTF.ttf.opt /home/travis/build/fontdirectory/rokkitt/builds/build/Rokkitt-Regular-TTF.ttf
### Autohint TTFs (ttfautohint) Rokkitt-Regular-TTF.ttf
$ ttfautohint -l 7 -r 28 -G 50 -x 13 -w "G" /home/travis/build/fontdirectory/rokkitt/builds/build/Rokkitt-Regular-TTF.ttf '/home/travis/build/fontdirectory/rokkitt/builds/build/Rokkitt-Regular-TTF.autohint.ttf'

$ ls -l /home/travis/build/fontdirectory/rokkitt/builds/build/Rokkitt-Regular-TTF.*ttf # look at the size savings of that subset process
/home/travis/build/fontdirectory/rokkitt/builds/build/Rokkitt-Regular-TTF.ttf: 24172 bytes
/home/travis/build/fontdirectory/rokkitt/builds/build/Rokkitt-Regular-TTF.autohint.ttf: 35844 bytes
$ mv /home/travis/build/fontdirectory/rokkitt/builds/build/Rokkitt-Regular-TTF.autohint.ttf /home/travis/build/fontdirectory/rokkitt/builds/build/Rokkitt-Regular-TTF.ttf
### Subset TTFs (pyftsubset) Rokkitt-Regular-TTF.ttf
$ pyftsubset Rokkitt-Regular-TTF.latin
$ pyftsubset Rokkitt-Regular-TTF.menu
No nbsp glyph
spaceWidth is    430
nbspWidth is     0
Rokkitt-Regular-TTF.ttf.fix made with spaceWidth and nbspWidth of 430
strippedname:/home/travis/build/fontdirectory/rokkitt/builds/build/Rokkitt-Regular-TTF.ttf
$ fontbakery-build-font2ttf.py sources/Rokkitt-Bold.sfd Rokkitt-Bold.ttf
Success: Generated OpenType-TTF (/home/travis/build/fontdirectory/rokkitt/builds/build/Rokkitt-Bold.ttf)
### Test Rokkitt-Bold.ttf
$ fontbakery-check.py result Rokkitt-Bold.ttf
bakery_lint.tests.downstream.test_check_italic_angle_agreement.CheckItalicAngleAgreement.test_check_italic_angle_agreement(): OK
bakery_lint.tests.downstream.test_check_upm_heights_less_120.TestCheckUPMHeightsLess120.test_check_upm_heigths_less_120(): OK
bakery_lint.tests.downstream.test_check_font_tables.CheckFontHasDsigTable.test_check_font_has_dsig_table(): OK
bakery_lint.tests.downstream.test_check_font_tables.CheckFontHasNotKernTable.test_no_kern_table_exists(): OK
bakery_lint.tests.downstream.test_check_name_table_recommendation.CheckStyleNameRecommendation.test_check_stylename_is_under_recommendations(): OK
bakery_lint.tests.downstream.test_check_name_table_recommendation.CheckOTFamilyNameRecommendation.test_check_opentype_familyname(): FAIL
$ fontbakery-fix-opentype-names.py /home/travis/build/fontdirectory/rokkitt/builds/build/Rokkitt-Bold.ttf
$ mv /home/travis/build/fontdirectory/rokkitt/builds/build/Rokkitt-Bold.ttf.fix /home/travis/build/fontdirectory/rokkitt/builds/build/Rokkitt-Bold.ttf
bakery_lint.tests.downstream.test_check_name_table_recommendation.CheckOTFamilyNameRecommendation.test_check_opentype_familyname(): OK
bakery_lint.tests.downstream.test_check_name_table_recommendation.CheckOTStyleNameRecommendation.test_check_opentype_stylename(): OK
bakery_lint.tests.downstream.test_check_name_table_recommendation.CheckOTFullNameRecommendation.test_check_opentype_fullname(): OK
bakery_lint.tests.downstream.test_check_nbsp_width_matches_sp_width.CheckNbspWidthMatchesSpWidth.test_check_nbsp_width_matches_sp_width(): FAIL
$ fontbakery-fix-nbsp.py /home/travis/build/fontdirectory/rokkitt/builds/build/Rokkitt-Bold.ttf
$ mv /home/travis/build/fontdirectory/rokkitt/builds/build/Rokkitt-Bold.ttf.fix /home/travis/build/fontdirectory/rokkitt/builds/build/Rokkitt-Bold.ttf
bakery_lint.tests.downstream.test_check_nbsp_width_matches_sp_width.CheckNbspWidthMatchesSpWidth.test_check_nbsp_width_matches_sp_width(): FAIL
bakery_lint.tests.downstream.test_check_names_same_across_platforms.CheckNamesSameAcrossPlatforms.test_check_names_same_across_platforms(): OK
bakery_lint.tests.downstream.test_check_panose_identification.CheckPanoseIdentification.test_check_panose_identification(): OK
bakery_lint.tests.downstream.test_check_license_included.CheckLicenseIncluded.test_license_included_in_font_names(): OK
bakery_lint.tests.downstream.test_check_full_font_name_begins_with_family_name.CheckFullFontNameBeginsWithFamilyName.test_check_full_font_name_begins_with_family_name(): OK
bakery_lint.tests.downstream.test_check_unused_glyph_data.CheckUnusedGlyphData.test_check_unused_glyph_data(): ERROR
bakery_lint.tests.downstream.test_gasp_table_value.CheckGaspTableType.test_check_gasp_table_type(): FAIL
$ fontbakery-fix-gasp.py --set=15 /home/travis/build/fontdirectory/rokkitt/builds/build/Rokkitt-Bold.ttf
$ mv /home/travis/build/fontdirectory/rokkitt/builds/build/Rokkitt-Bold.ttf.fix /home/travis/build/fontdirectory/rokkitt/builds/build/Rokkitt-Bold.ttf
bakery_lint.tests.downstream.test_gasp_table_value.CheckGaspTableType.test_check_gasp_table_type(): OK
$ fontbakery-fix-gasp.py --set=15 /home/travis/build/fontdirectory/rokkitt/builds/build/Rokkitt-Bold.ttf
$ mv /home/travis/build/fontdirectory/rokkitt/builds/build/Rokkitt-Bold.ttf.fix /home/travis/build/fontdirectory/rokkitt/builds/build/Rokkitt-Bold.ttf
bakery_lint.tests.downstream.test_check_hmtx_hhea_max_advance_width_agreement.CheckHmtxHheaMaxAdvanceWidthAgreement.test_check_hmtx_hhea_max_advance_width_agreement(): OK
bakery_lint.tests.downstream.test_check_font_agreements.CheckFsTypeIsNotSet.test_is_fstype_not_set(): OK
$ fontbakery-fix-fstype.py --autofix /home/travis/build/fontdirectory/rokkitt/builds/build/Rokkitt-Bold.ttf
$ mv /home/travis/build/fontdirectory/rokkitt/builds/build/Rokkitt-Bold.ttf.fix /home/travis/build/fontdirectory/rokkitt/builds/build/Rokkitt-Bold.ttf
bakery_lint.tests.downstream.test_check_font_agreements.CheckFontAgreements.test_em_is_1000(): FAIL
bakery_lint.tests.downstream.test_check_font_agreements.CheckFontAgreements.test_font_is_font(): OK
bakery_lint.tests.downstream.test_check_font_agreements.CheckFontAgreements.test_latin_file_exists(): OK
bakery_lint.tests.downstream.test_check_font_agreements.CheckFontAgreements.test_menu_file_exists(): OK
bakery_lint.tests.downstream.test_check_magic_prep_code.CheckMagicPREPByteCode.test_prep_magic_code(): FAIL
bakery_lint.tests.downstream.test_check_unencoded_glyph.TestFontUnencodedGlyph.test_font_unencoded_glyphs(): FAIL
$ fontbakery-fix-glyph-private-encoding.py --autofix /home/travis/build/fontdirectory/rokkitt/builds/build/Rokkitt-Bold.ttf
$ mv /home/travis/build/fontdirectory/rokkitt/builds/build/Rokkitt-Bold.ttf.fix /home/travis/build/fontdirectory/rokkitt/builds/build/Rokkitt-Bold.ttf
bakery_lint.tests.downstream.test_check_unencoded_glyph.TestFontUnencodedGlyph.test_font_unencoded_glyphs(): FAIL
bakery_lint.tests.downstream.test_check_glyph_existence.CheckGlyphExistence.test_euro(): OK
bakery_lint.tests.downstream.test_check_glyph_existence.CheckGlyphExistence.test_nbsp(): OK
bakery_lint.tests.downstream.test_check_glyph_existence.CheckGlyphExistence.test_space(): OK
bakery_lint.tests.downstream.test_check_vertical_metrics.CheckVerticalLinegapMetrics.test_metrics_linegaps_are_zero(): OK
bakery_lint.tests.downstream.test_check_vertical_metrics.CheckVerticalAscentMetrics.test_metrics_ascents_equal_bbox(): OK
bakery_lint.tests.downstream.test_check_vertical_metrics.CheckVerticalDescentMetrics.test_metrics_descents_equal_bbox(): FAIL
$ fontbakery-fix-vertical-metrics.py --autofix /home/travis/build/fontdirectory/rokkitt/builds/build/Rokkitt-Light-TTF.ttf /home/travis/build/fontdirectory/rokkitt/builds/build/Rokkitt-Regular-TTF.ttf /home/travis/build/fontdirectory/rokkitt/builds/build/Rokkitt-Bold.ttf /home/travis/build/fontdirectory/rokkitt/builds/build/Rokkitt-Light.ttf /home/travis/build/fontdirectory/rokkitt/builds/build/Rokkitt-Regular.ttf
$ mv /home/travis/build/fontdirectory/rokkitt/builds/build/Rokkitt-Light-TTF.ttf.fix /home/travis/build/fontdirectory/rokkitt/builds/build/Rokkitt-Light-TTF.ttf
$ mv /home/travis/build/fontdirectory/rokkitt/builds/build/Rokkitt-Regular-TTF.ttf.fix /home/travis/build/fontdirectory/rokkitt/builds/build/Rokkitt-Regular-TTF.ttf
$ mv /home/travis/build/fontdirectory/rokkitt/builds/build/Rokkitt-Bold.ttf.fix /home/travis/build/fontdirectory/rokkitt/builds/build/Rokkitt-Bold.ttf
$ mv /home/travis/build/fontdirectory/rokkitt/builds/build/Rokkitt-Light.ttf.fix /home/travis/build/fontdirectory/rokkitt/builds/build/Rokkitt-Light.ttf
$ mv /home/travis/build/fontdirectory/rokkitt/builds/build/Rokkitt-Regular.ttf.fix /home/travis/build/fontdirectory/rokkitt/builds/build/Rokkitt-Regular.ttf
$ fontbakery-fix-vertical-metrics.py /home/travis/build/fontdirectory/rokkitt/builds/build/Rokkitt-Light-TTF.ttf /home/travis/build/fontdirectory/rokkitt/builds/build/Rokkitt-Regular-TTF.ttf /home/travis/build/fontdirectory/rokkitt/builds/build/Rokkitt-Bold.ttf /home/travis/build/fontdirectory/rokkitt/builds/build/Rokkitt-Light.ttf /home/travis/build/fontdirectory/rokkitt/builds/build/Rokkitt-Regular.ttf
Parameter              Rokkitt-Light-TTF.ttf    Rokkitt-Regular-TTF.ttf    Rokkitt-Bold.ttf    Rokkitt-Light.ttf    Rokkitt-Regular.ttf    
ymax                   1650                     1552                       1673                1650                 1552                   
hhea.ascent            1673                     1673                       1673                1673                 1673                   
OS/2.sTypoAscender     1673                     1673                       1673                1673                 1673                   
OS/2.usWinAscent       1673                     1673                       1673                1673                 1673                   
ymin                   -441                     -594                       -567                -433                 -595                   
hhea.descent           -595                     -595                       -595                -595                 -595                   
OS/2.sTypoDescender    -595                     -595                       -595                -595                 -595                   
OS/2.usWinDescent      595                      595                        595                 595                  595                    
hhea.lineGap           0                        0                          0                   0                    0                      
OS/2.sTypoLineGap      0                        0                          0                   0                    0                      
hhea total             2268                     2268                       2268                2268                 2268                   
typo total             2268                     2268                       2268                2268                 2268                   
win total              2268                     2268                       2268                2268                 2268                   
UPM:Heights            2048:2091                2048:2146                  2048:2240           2048:2083            2048:2147              
UPM:Heights %          102 %                    104 %                      109 %               101 %                104 %                  


bakery_lint.tests.downstream.test_check_vertical_metrics.CheckVerticalDescentMetrics.test_metrics_descents_equal_bbox(): OK
bakery_lint.tests.downstream.test_names_are_ascii_only.CheckNamesAreASCIIOnly.test_check_names_are_ascii_only(): OK
bakery_lint.tests.downstream.test_check_glyf_table_length.CheckGlyfTableLength.test_check_glyf_table_length(): FAIL
bakery_lint.tests.downstream.test_check_os2_width_class.CheckOS2WidthClass.test_check_os2_width_class(): OK
bakery_lint.tests.downstream.test_check_no_problematic_formats.CheckNoProblematicFormats.test_check_no_problematic_formats(): OK
bakery_lint.tests.downstream.test_check_fontname_matches_macstyle.CheckFontNameEqualToMacStyleFlags.test_fontname_is_equal_to_macstyle(): FAIL
bakery_lint.tests.downstream.test_gpos_table_has_kerning_info.CheckGposTableHasKerningInfo.test_gpos_table_has_kerning_info(): OK
The following table(s) in the font have been ignored by FontForge
  Ignoring 'DSIG' digital signature table
The glyph named nonbreakingspace is mapped to U+F013E.
But its name indicates it should be mapped to U+00A0.
bakery_lint.tests.downstream.test_fontforge_validation_state.FontForgeValidateStateTest.test_allowed_numbers_paths_in_composite_glyphs(): OK
bakery_lint.tests.downstream.test_fontforge_validation_state.FontForgeValidateStateTest.test_allowed_numbers_paths_in_glyphs(): OK
bakery_lint.tests.downstream.test_fontforge_validation_state.FontForgeValidateStateTest.test_allowed_numbers_points_in_composite_glyphs(): OK
bakery_lint.tests.downstream.test_fontforge_validation_state.FontForgeValidateStateTest.test_allowed_numbers_points_in_glyphs(): OK
bakery_lint.tests.downstream.test_fontforge_validation_state.FontForgeValidateStateTest.test_duplicate_glyphs(): OK
bakery_lint.tests.downstream.test_fontforge_validation_state.FontForgeValidateStateTest.test_duplicate_unicode_codepoints(): OK
bakery_lint.tests.downstream.test_fontforge_validation_state.FontForgeValidateStateTest.test_flipped_reference_in_glyphs(): OK
bakery_lint.tests.downstream.test_fontforge_validation_state.FontForgeValidateStateTest.test_missing_anchors(): OK
bakery_lint.tests.downstream.test_fontforge_validation_state.FontForgeValidateStateTest.test_missing_extrema_in_glyphs(): FAIL
bakery_lint.tests.downstream.test_fontforge_validation_state.FontForgeValidateStateTest.test_overlapped_hints(): OK
bakery_lint.tests.downstream.test_fontforge_validation_state.FontForgeValidateStateTest.test_points_are_integer_aligned(): OK
bakery_lint.tests.downstream.test_fontforge_validation_state.FontForgeValidateStateTest.test_points_are_not_too_far_apart(): OK
bakery_lint.tests.downstream.test_fontforge_validation_state.FontForgeValidateStateTest.test_postscript_hasnt_limit_hints_in_glyphs(): OK
bakery_lint.tests.downstream.test_fontforge_validation_state.FontForgeValidateStateTest.test_postscript_hasnt_limit_points_in_glyphs(): OK
bakery_lint.tests.downstream.test_fontforge_validation_state.FontForgeValidateStateTest.test_referenced_glyphs_are_present(): OK
bakery_lint.tests.downstream.test_fontforge_validation_state.FontForgeValidateStateTest.test_valid_glyph_names(): FAIL
bakery_lint.tests.downstream.test_fontforge_validation_state.FontForgeValidateStateTest.test_valid_length_instructions(): OK
bakery_lint.tests.downstream.test_fontforge_validation_state.FontForgeValidateStateTest.test_validation_glyph_intersect(): FAIL
bakery_lint.tests.downstream.test_fontforge_validation_state.FontForgeValidateStateTest.test_validation_open_contours(): OK
bakery_lint.tests.downstream.test_fontforge_validation_state.FontForgeValidateStateTest.test_wrong_direction_in_glyphs(): OK
### Optimize TTF Rokkitt-Bold.ttf
$ ls -l 'Rokkitt-Bold.ttf'* # look at the size savings of that subset process
Rokkitt-Bold.ttf.opt: 56876 bytes
Rokkitt-Bold.ttf: 61568 bytes
$ mv /home/travis/build/fontdirectory/rokkitt/builds/build/Rokkitt-Bold.ttf.opt /home/travis/build/fontdirectory/rokkitt/builds/build/Rokkitt-Bold.ttf
### Autohint TTFs (ttfautohint) Rokkitt-Bold.ttf
$ ttfautohint -l 7 -r 28 -G 50 -x 13 -w "G" /home/travis/build/fontdirectory/rokkitt/builds/build/Rokkitt-Bold.ttf '/home/travis/build/fontdirectory/rokkitt/builds/build/Rokkitt-Bold.autohint.ttf'

$ ls -l /home/travis/build/fontdirectory/rokkitt/builds/build/Rokkitt-Bold.*ttf # look at the size savings of that subset process
/home/travis/build/fontdirectory/rokkitt/builds/build/Rokkitt-Bold.ttf: 56876 bytes
/home/travis/build/fontdirectory/rokkitt/builds/build/Rokkitt-Bold.autohint.ttf: 73408 bytes
$ mv /home/travis/build/fontdirectory/rokkitt/builds/build/Rokkitt-Bold.autohint.ttf /home/travis/build/fontdirectory/rokkitt/builds/build/Rokkitt-Bold.ttf
### Subset TTFs (pyftsubset) Rokkitt-Bold.ttf
$ pyftsubset Rokkitt-Bold.latin
$ pyftsubset Rokkitt-Bold.menu
No nbsp glyph
spaceWidth is    458
nbspWidth is     0
Rokkitt-Bold.ttf.fix made with spaceWidth and nbspWidth of 458
strippedname:/home/travis/build/fontdirectory/rokkitt/builds/build/Rokkitt-Bold.ttf
$ fontbakery-build-font2ttf.py sources/Rokkitt-Bold-TTF.sfd Rokkitt-Bold-TTF.ttf
Success: Generated OpenType-TTF (/home/travis/build/fontdirectory/rokkitt/builds/build/Rokkitt-Bold-TTF.ttf)
### Test Rokkitt-Bold-TTF.ttf
$ fontbakery-check.py result Rokkitt-Bold-TTF.ttf
bakery_lint.tests.downstream.test_check_italic_angle_agreement.CheckItalicAngleAgreement.test_check_italic_angle_agreement(): OK
bakery_lint.tests.downstream.test_check_upm_heights_less_120.TestCheckUPMHeightsLess120.test_check_upm_heigths_less_120(): OK
bakery_lint.tests.downstream.test_check_font_tables.CheckFontHasDsigTable.test_check_font_has_dsig_table(): OK
bakery_lint.tests.downstream.test_check_font_tables.CheckFontHasNotKernTable.test_no_kern_table_exists(): OK
bakery_lint.tests.downstream.test_check_name_table_recommendation.CheckStyleNameRecommendation.test_check_stylename_is_under_recommendations(): OK
bakery_lint.tests.downstream.test_check_name_table_recommendation.CheckOTFamilyNameRecommendation.test_check_opentype_familyname(): FAIL
$ fontbakery-fix-opentype-names.py /home/travis/build/fontdirectory/rokkitt/builds/build/Rokkitt-Bold-TTF.ttf
$ mv /home/travis/build/fontdirectory/rokkitt/builds/build/Rokkitt-Bold-TTF.ttf.fix /home/travis/build/fontdirectory/rokkitt/builds/build/Rokkitt-Bold-TTF.ttf
bakery_lint.tests.downstream.test_check_name_table_recommendation.CheckOTFamilyNameRecommendation.test_check_opentype_familyname(): OK
bakery_lint.tests.downstream.test_check_name_table_recommendation.CheckOTStyleNameRecommendation.test_check_opentype_stylename(): OK
bakery_lint.tests.downstream.test_check_name_table_recommendation.CheckOTFullNameRecommendation.test_check_opentype_fullname(): OK
bakery_lint.tests.downstream.test_check_nbsp_width_matches_sp_width.CheckNbspWidthMatchesSpWidth.test_check_nbsp_width_matches_sp_width(): FAIL
$ fontbakery-fix-nbsp.py /home/travis/build/fontdirectory/rokkitt/builds/build/Rokkitt-Bold-TTF.ttf
$ mv /home/travis/build/fontdirectory/rokkitt/builds/build/Rokkitt-Bold-TTF.ttf.fix /home/travis/build/fontdirectory/rokkitt/builds/build/Rokkitt-Bold-TTF.ttf
bakery_lint.tests.downstream.test_check_nbsp_width_matches_sp_width.CheckNbspWidthMatchesSpWidth.test_check_nbsp_width_matches_sp_width(): FAIL
bakery_lint.tests.downstream.test_check_names_same_across_platforms.CheckNamesSameAcrossPlatforms.test_check_names_same_across_platforms(): OK
bakery_lint.tests.downstream.test_check_panose_identification.CheckPanoseIdentification.test_check_panose_identification(): OK
bakery_lint.tests.downstream.test_check_license_included.CheckLicenseIncluded.test_license_included_in_font_names(): OK
bakery_lint.tests.downstream.test_check_full_font_name_begins_with_family_name.CheckFullFontNameBeginsWithFamilyName.test_check_full_font_name_begins_with_family_name(): OK
bakery_lint.tests.downstream.test_check_unused_glyph_data.CheckUnusedGlyphData.test_check_unused_glyph_data(): ERROR
bakery_lint.tests.downstream.test_gasp_table_value.CheckGaspTableType.test_check_gasp_table_type(): OK
$ fontbakery-fix-gasp.py --set=15 /home/travis/build/fontdirectory/rokkitt/builds/build/Rokkitt-Bold-TTF.ttf
$ mv /home/travis/build/fontdirectory/rokkitt/builds/build/Rokkitt-Bold-TTF.ttf.fix /home/travis/build/fontdirectory/rokkitt/builds/build/Rokkitt-Bold-TTF.ttf
bakery_lint.tests.downstream.test_check_hmtx_hhea_max_advance_width_agreement.CheckHmtxHheaMaxAdvanceWidthAgreement.test_check_hmtx_hhea_max_advance_width_agreement(): OK
bakery_lint.tests.downstream.test_check_font_agreements.CheckFsTypeIsNotSet.test_is_fstype_not_set(): OK
$ fontbakery-fix-fstype.py --autofix /home/travis/build/fontdirectory/rokkitt/builds/build/Rokkitt-Bold-TTF.ttf
$ mv /home/travis/build/fontdirectory/rokkitt/builds/build/Rokkitt-Bold-TTF.ttf.fix /home/travis/build/fontdirectory/rokkitt/builds/build/Rokkitt-Bold-TTF.ttf
bakery_lint.tests.downstream.test_check_font_agreements.CheckFontAgreements.test_em_is_1000(): FAIL
bakery_lint.tests.downstream.test_check_font_agreements.CheckFontAgreements.test_font_is_font(): OK
bakery_lint.tests.downstream.test_check_font_agreements.CheckFontAgreements.test_latin_file_exists(): FAIL
bakery_lint.tests.downstream.test_check_font_agreements.CheckFontAgreements.test_menu_file_exists(): FAIL
bakery_lint.tests.downstream.test_check_magic_prep_code.CheckMagicPREPByteCode.test_prep_magic_code(): FAIL
bakery_lint.tests.downstream.test_check_unencoded_glyph.TestFontUnencodedGlyph.test_font_unencoded_glyphs(): FAIL
$ fontbakery-fix-glyph-private-encoding.py --autofix /home/travis/build/fontdirectory/rokkitt/builds/build/Rokkitt-Bold-TTF.ttf
$ mv /home/travis/build/fontdirectory/rokkitt/builds/build/Rokkitt-Bold-TTF.ttf.fix /home/travis/build/fontdirectory/rokkitt/builds/build/Rokkitt-Bold-TTF.ttf
bakery_lint.tests.downstream.test_check_unencoded_glyph.TestFontUnencodedGlyph.test_font_unencoded_glyphs(): FAIL
bakery_lint.tests.downstream.test_check_glyph_existence.CheckGlyphExistence.test_euro(): OK
bakery_lint.tests.downstream.test_check_glyph_existence.CheckGlyphExistence.test_nbsp(): OK
bakery_lint.tests.downstream.test_check_glyph_existence.CheckGlyphExistence.test_space(): OK
bakery_lint.tests.downstream.test_check_vertical_metrics.CheckVerticalLinegapMetrics.test_metrics_linegaps_are_zero(): OK
bakery_lint.tests.downstream.test_check_vertical_metrics.CheckVerticalAscentMetrics.test_metrics_ascents_equal_bbox(): OK
bakery_lint.tests.downstream.test_check_vertical_metrics.CheckVerticalDescentMetrics.test_metrics_descents_equal_bbox(): FAIL
$ fontbakery-fix-vertical-metrics.py --autofix /home/travis/build/fontdirectory/rokkitt/builds/build/Rokkitt-Bold-TTF.ttf /home/travis/build/fontdirectory/rokkitt/builds/build/Rokkitt-Light-TTF.ttf /home/travis/build/fontdirectory/rokkitt/builds/build/Rokkitt-Regular-TTF.ttf /home/travis/build/fontdirectory/rokkitt/builds/build/Rokkitt-Bold.ttf /home/travis/build/fontdirectory/rokkitt/builds/build/Rokkitt-Light.ttf /home/travis/build/fontdirectory/rokkitt/builds/build/Rokkitt-Regular.ttf
$ mv /home/travis/build/fontdirectory/rokkitt/builds/build/Rokkitt-Bold-TTF.ttf.fix /home/travis/build/fontdirectory/rokkitt/builds/build/Rokkitt-Bold-TTF.ttf
$ mv /home/travis/build/fontdirectory/rokkitt/builds/build/Rokkitt-Light-TTF.ttf.fix /home/travis/build/fontdirectory/rokkitt/builds/build/Rokkitt-Light-TTF.ttf
$ mv /home/travis/build/fontdirectory/rokkitt/builds/build/Rokkitt-Regular-TTF.ttf.fix /home/travis/build/fontdirectory/rokkitt/builds/build/Rokkitt-Regular-TTF.ttf
$ mv /home/travis/build/fontdirectory/rokkitt/builds/build/Rokkitt-Bold.ttf.fix /home/travis/build/fontdirectory/rokkitt/builds/build/Rokkitt-Bold.ttf
$ mv /home/travis/build/fontdirectory/rokkitt/builds/build/Rokkitt-Light.ttf.fix /home/travis/build/fontdirectory/rokkitt/builds/build/Rokkitt-Light.ttf
$ mv /home/travis/build/fontdirectory/rokkitt/builds/build/Rokkitt-Regular.ttf.fix /home/travis/build/fontdirectory/rokkitt/builds/build/Rokkitt-Regular.ttf
$ fontbakery-fix-vertical-metrics.py /home/travis/build/fontdirectory/rokkitt/builds/build/Rokkitt-Bold-TTF.ttf /home/travis/build/fontdirectory/rokkitt/builds/build/Rokkitt-Light-TTF.ttf /home/travis/build/fontdirectory/rokkitt/builds/build/Rokkitt-Regular-TTF.ttf /home/travis/build/fontdirectory/rokkitt/builds/build/Rokkitt-Bold.ttf /home/travis/build/fontdirectory/rokkitt/builds/build/Rokkitt-Light.ttf /home/travis/build/fontdirectory/rokkitt/builds/build/Rokkitt-Regular.ttf
Parameter              Rokkitt-Bold-TTF.ttf    Rokkitt-Light-TTF.ttf    Rokkitt-Regular-TTF.ttf    Rokkitt-Bold.ttf    Rokkitt-Light.ttf    Rokkitt-Regular.ttf    
ymax                   1673                    1650                     1552                       1673                1650                 1552                   
hhea.ascent            1673                    1673                     1673                       1673                1673                 1673                   
OS/2.sTypoAscender     1673                    1673                     1673                       1673                1673                 1673                   
OS/2.usWinAscent       1673                    1673                     1673                       1673                1673                 1673                   
ymin                   -657                    -441                     -594                       -567                -433                 -595                   
hhea.descent           -657                    -657                     -657                       -657                -657                 -657                   
OS/2.sTypoDescender    -657                    -657                     -657                       -657                -657                 -657                   
OS/2.usWinDescent      657                     657                      657                        657                 657                  657                    
hhea.lineGap           0                       0                        0                          0                   0                    0                      
OS/2.sTypoLineGap      0                       0                        0                          0                   0                    0                      
hhea total             2330                    2330                     2330                       2330                2330                 2330                   
typo total             2330                    2330                     2330                       2330                2330                 2330                   
win total              2330                    2330                     2330                       2330                2330                 2330                   
UPM:Heights            2048:2330               2048:2091                2048:2146                  2048:2240           2048:2083            2048:2147              
UPM:Heights %          113 %                   102 %                    104 %                      109 %               101 %                104 %                  


bakery_lint.tests.downstream.test_check_vertical_metrics.CheckVerticalDescentMetrics.test_metrics_descents_equal_bbox(): OK
bakery_lint.tests.downstream.test_names_are_ascii_only.CheckNamesAreASCIIOnly.test_check_names_are_ascii_only(): OK
bakery_lint.tests.downstream.test_check_glyf_table_length.CheckGlyfTableLength.test_check_glyf_table_length(): FAIL
bakery_lint.tests.downstream.test_check_os2_width_class.CheckOS2WidthClass.test_check_os2_width_class(): OK
bakery_lint.tests.downstream.test_check_no_problematic_formats.CheckNoProblematicFormats.test_check_no_problematic_formats(): OK
bakery_lint.tests.downstream.test_check_fontname_matches_macstyle.CheckFontNameEqualToMacStyleFlags.test_fontname_is_equal_to_macstyle(): FAIL
bakery_lint.tests.downstream.test_gpos_table_has_kerning_info.CheckGposTableHasKerningInfo.test_gpos_table_has_kerning_info(): ERROR
The following table(s) in the font have been ignored by FontForge
  Ignoring 'DSIG' digital signature table
bakery_lint.tests.downstream.test_fontforge_validation_state.FontForgeValidateStateTest.test_allowed_numbers_paths_in_composite_glyphs(): OK
bakery_lint.tests.downstream.test_fontforge_validation_state.FontForgeValidateStateTest.test_allowed_numbers_paths_in_glyphs(): OK
bakery_lint.tests.downstream.test_fontforge_validation_state.FontForgeValidateStateTest.test_allowed_numbers_points_in_composite_glyphs(): OK
bakery_lint.tests.downstream.test_fontforge_validation_state.FontForgeValidateStateTest.test_allowed_numbers_points_in_glyphs(): OK
bakery_lint.tests.downstream.test_fontforge_validation_state.FontForgeValidateStateTest.test_duplicate_glyphs(): OK
bakery_lint.tests.downstream.test_fontforge_validation_state.FontForgeValidateStateTest.test_duplicate_unicode_codepoints(): OK
bakery_lint.tests.downstream.test_fontforge_validation_state.FontForgeValidateStateTest.test_flipped_reference_in_glyphs(): OK
bakery_lint.tests.downstream.test_fontforge_validation_state.FontForgeValidateStateTest.test_missing_anchors(): OK
bakery_lint.tests.downstream.test_fontforge_validation_state.FontForgeValidateStateTest.test_missing_extrema_in_glyphs(): OK
bakery_lint.tests.downstream.test_fontforge_validation_state.FontForgeValidateStateTest.test_overlapped_hints(): OK
bakery_lint.tests.downstream.test_fontforge_validation_state.FontForgeValidateStateTest.test_points_are_integer_aligned(): OK
bakery_lint.tests.downstream.test_fontforge_validation_state.FontForgeValidateStateTest.test_points_are_not_too_far_apart(): OK
bakery_lint.tests.downstream.test_fontforge_validation_state.FontForgeValidateStateTest.test_postscript_hasnt_limit_hints_in_glyphs(): OK
bakery_lint.tests.downstream.test_fontforge_validation_state.FontForgeValidateStateTest.test_postscript_hasnt_limit_points_in_glyphs(): OK
bakery_lint.tests.downstream.test_fontforge_validation_state.FontForgeValidateStateTest.test_referenced_glyphs_are_present(): OK
bakery_lint.tests.downstream.test_fontforge_validation_state.FontForgeValidateStateTest.test_valid_glyph_names(): OK
bakery_lint.tests.downstream.test_fontforge_validation_state.FontForgeValidateStateTest.test_valid_length_instructions(): OK
bakery_lint.tests.downstream.test_fontforge_validation_state.FontForgeValidateStateTest.test_validation_glyph_intersect(): FAIL
bakery_lint.tests.downstream.test_fontforge_validation_state.FontForgeValidateStateTest.test_validation_open_contours(): OK
bakery_lint.tests.downstream.test_fontforge_validation_state.FontForgeValidateStateTest.test_wrong_direction_in_glyphs(): OK
### Optimize TTF Rokkitt-Bold-TTF.ttf
$ ls -l 'Rokkitt-Bold-TTF.ttf'* # look at the size savings of that subset process
Rokkitt-Bold-TTF.ttf.opt: 28076 bytes
Rokkitt-Bold-TTF.ttf: 31312 bytes
$ mv /home/travis/build/fontdirectory/rokkitt/builds/build/Rokkitt-Bold-TTF.ttf.opt /home/travis/build/fontdirectory/rokkitt/builds/build/Rokkitt-Bold-TTF.ttf
### Autohint TTFs (ttfautohint) Rokkitt-Bold-TTF.ttf
$ ttfautohint -l 7 -r 28 -G 50 -x 13 -w "G" /home/travis/build/fontdirectory/rokkitt/builds/build/Rokkitt-Bold-TTF.ttf '/home/travis/build/fontdirectory/rokkitt/builds/build/Rokkitt-Bold-TTF.autohint.ttf'

$ ls -l /home/travis/build/fontdirectory/rokkitt/builds/build/Rokkitt-Bold-TTF.*ttf # look at the size savings of that subset process
/home/travis/build/fontdirectory/rokkitt/builds/build/Rokkitt-Bold-TTF.ttf: 28076 bytes
/home/travis/build/fontdirectory/rokkitt/builds/build/Rokkitt-Bold-TTF.autohint.ttf: 41284 bytes
$ mv /home/travis/build/fontdirectory/rokkitt/builds/build/Rokkitt-Bold-TTF.autohint.ttf /home/travis/build/fontdirectory/rokkitt/builds/build/Rokkitt-Bold-TTF.ttf
### Subset TTFs (pyftsubset) Rokkitt-Bold-TTF.ttf
$ pyftsubset Rokkitt-Bold-TTF.latin
$ pyftsubset Rokkitt-Bold-TTF.menu
No nbsp glyph
spaceWidth is    458
nbspWidth is     0
Rokkitt-Bold-TTF.ttf.fix made with spaceWidth and nbspWidth of 458
strippedname:/home/travis/build/fontdirectory/rokkitt/builds/build/Rokkitt-Bold-TTF.ttf
### (5 of 6) Generate METADATA.json (fontbakery-build-metadata.py)
$ fontbakery-build-metadata.py /home/travis/build/fontdirectory/rokkitt/builds/build
{} exists
Designer's name from font is: vernon adams
Original size: 55260\nGzip size: 28041
Family Name: Rokkitt
PS Name: Rokkitt-Bold
Full Name: Rokkitt Bold
Style: normal
Weight: 700
Filename: Rokkitt-Bold-TTF.ttf
Copyright: Copyright (c) 2011 by vernon adams. All rights reserved. with\nReserved Font Names "Tienne" and "Tienne Regular". This\nFont Software is licensed under the SIL Open Font License, Version\n1.1. This license is available with a FAQ at:\nhttp://scripts.sil.org/OFL
Family Name: Rokkitt
PS Name: Rokkitt-Light
Full Name: Rokkitt Light
Style: normal
Weight: 250
Filename: Rokkitt-Light-TTF.ttf
Copyright: Copyright (c) 2011 by vernon adams. All rights reserved.
Family Name: Rokkitt
PS Name: Rokkitt-Regular
Full Name: Rokkitt
Style: normal
Weight: 400
Filename: Rokkitt-Regular-TTF.ttf
Copyright: Copyright (c) 2011 by vernon adams. All rights reserved.
Family Name: Rokkitt
PS Name: Rokkitt-Bold
Full Name: Rokkitt Bold
Style: normal
Weight: 700
Filename: Rokkitt-Bold.ttf
Copyright: Copyright (c) 2011 by vernon adams. All rights reserved.
Family Name: Rokkitt
PS Name: Rokkitt-Light
Full Name: Rokkitt Light
Style: normal
Weight: 300
Filename: Rokkitt-Light.ttf
Copyright: Copyright (c) 2011 by vernon adams. All rights reserved.
Family Name: Rokkitt
PS Name: Rokkitt
Full Name: Rokkitt
Style: normal
Weight: 400
Filename: Rokkitt-Regular.ttf
Copyright: Copyright (c) 2011 by vernon adams. All rights reserved.
### (6 of 6) Run tests for METADATA.json
$ fontbakery-check.py metadata METADATA.json
bakery_lint.tests.metadata_test.MetadataSubsetsListTest.test_charset_latin(): OK
bakery_lint.tests.metadata_test.MetadataSubsetsListTest.test_charset_menu(): OK
bakery_lint.tests.metadata_test.MetadataTest.test_description_is_more_than_500b(): OK
bakery_lint.tests.metadata_test.MetadataTest.test_description_is_valid_html(): FAIL
bakery_lint.tests.metadata_test.MetadataTest.test_does_not_familyName_exist_in_daltonmaag_catalogue(): FAIL
bakery_lint.tests.metadata_test.MetadataTest.test_does_not_familyName_exist_in_fontbureau_catalogue(): OK
bakery_lint.tests.metadata_test.MetadataTest.test_does_not_familyName_exist_in_fontscom_catalogue(): OK
bakery_lint.tests.metadata_test.MetadataTest.test_does_not_familyName_exist_in_fontshop_catalogue(): FAIL
bakery_lint.tests.metadata_test.MetadataTest.test_does_not_familyName_exist_in_fontsmith_catalogue(): FAIL
bakery_lint.tests.metadata_test.MetadataTest.test_does_not_familyName_exist_in_houseind_catalogue(): OK
bakery_lint.tests.metadata_test.MetadataTest.test_does_not_familyName_exist_in_myfonts_catalogue(): OK
bakery_lint.tests.metadata_test.MetadataTest.test_does_not_familyName_exist_in_veer_catalogue(): OK
bakery_lint.tests.metadata_test.MetadataTest.test_family_is_listed_in_gwf(): OK
bakery_lint.tests.metadata_test.MetadataTest.test_metadata_atleast_latin_menu_subsets_exist(): OK
/home/travis/virtualenv/python2.7.8/lib/python2.7/site-packages/bakery_lint/tests/metadata_test.py:141: UnicodeWarning: Unicode equal comparison failed to convert both arguments to Unicode - interpreting them as being unequal
  self.assertTrue(designer in designers,
bakery_lint.tests.metadata_test.MetadataTest.test_metadata_designer_exists_in_profiles_csv(): OK
bakery_lint.tests.metadata_test.MetadataTest.test_metadata_fonts_items_dicts(): OK
bakery_lint.tests.metadata_test.MetadataTest.test_metadata_fonts_key_list(): OK
bakery_lint.tests.metadata_test.MetadataTest.test_metadata_fonts_no_dupes(): OK
bakery_lint.tests.metadata_test.MetadataTest.test_metadata_has_unique_style_weight_pairs(): OK
bakery_lint.tests.metadata_test.MetadataTest.test_metadata_keys(): OK
bakery_lint.tests.metadata_test.MetadataTest.test_metadata_license(): OK
bakery_lint.tests.metadata_test.MetadataTest.test_metadata_no_unknown_top_keys(): OK
bakery_lint.tests.metadata_test.MetadataTest.test_metadata_subsets_key_list(): OK
bakery_lint.tests.metadata_test.MetadataTest.test_metadata_top_keys_types(): OK
bakery_lint.tests.downstream.test_check_metadata_style_matches_names.CheckItalicStyleMatchesMacStyle.test_check_italic_style_matches_names(): OK
bakery_lint.tests.downstream.test_check_metadata_style_matches_names.CheckNormalStyleMatchesMacStyle.test_check_normal_style_matches_names(): OK
bakery_lint.tests.downstream.test_check_text_files_exist.CheckTextFilesExist.test_copyrighttxt_exists(): FAIL
bakery_lint.tests.downstream.test_check_text_files_exist.CheckTextFilesExist.test_description_exists(): OK
bakery_lint.tests.downstream.test_check_text_files_exist.CheckTextFilesExist.test_fontlogtxt_exists(): FAIL
bakery_lint.tests.downstream.test_check_text_files_exist.CheckTextFilesExist.test_licensetxt_exists(): FAIL
bakery_lint.tests.downstream.test_check_menu_contains_proper_glyphs.CheckMenuSubsetContainsProperGlyphs.test_check_menu_contains_proper_glyphs(): FAIL
bakery_lint.tests.downstream.test_check_glyph_consistency.CheckGlyphConsistencyInFamily.test_the_same_encodings_of_glyphs_across_family(): OK
bakery_lint.tests.downstream.test_check_glyph_consistency.CheckGlyphConsistencyInFamily.test_the_same_names_of_glyphs_across_family(): FAIL
bakery_lint.tests.downstream.test_check_glyph_consistency.CheckGlyphConsistencyInFamily.test_the_same_number_of_glyphs_across_family(): FAIL
bakery_lint.tests.downstream.test_metadata_font_copyright.CheckMetadataContainsReservedFontName.test_copyright_contains_correct_rfn(): OK
bakery_lint.tests.downstream.test_metadata_font_copyright.CheckMetadataContainsReservedFontName.test_copyright_is_consistent_across_family(): OK
bakery_lint.tests.downstream.test_metadata_font_copyright.CheckMetadataContainsReservedFontName.test_copyright_matches_pattern(): OK
bakery_lint.tests.downstream.test_metadata_font_copyright.CheckMetadataContainsReservedFontName.test_metadata_copyright_size(): OK
bakery_lint.tests.downstream.test_check_monospace_agreements.CheckMonospaceAgreement.test_check_monospace_agreement(): OK
bakery_lint.tests.downstream.test_check_font_name_not_in_camelcase.CheckFontNameNotInCamelCase.test_fontname_not_in_camel_case(): OK
bakery_lint.tests.downstream.test_check_canonical_styles.CheckCanonicalStyles.test_check_canonical_styles(): OK
bakery_lint.tests.downstream.test_check_metadata_matches_nametable.CheckMetadataMatchesNameTable.test_check_metadata_matches_nametable(): OK
bakery_lint.tests.downstream.test_check_metadata_fields.CheckMetadataFields.test_check_metadata_fields(): OK
bakery_lint.tests.downstream.test_check_subsets_exists.CheckSubsetsExist.test_check_subsets_exists(): OK
bakery_lint.tests.downstream.test_check_canonical_filenames.CheckCanonicalFilenames.test_check_canonical_filenames(): OK
bakery_lint.tests.downstream.test_check_files_menu_agreements.CheckFontsMenuAgreements.test_menu_file_agreement(): OK
bakery_lint.tests.downstream.test_check_familyname_matches_fontnames.CheckFamilyNameMatchesFontNames.test_check_familyname_matches_fontnames(): OK
bakery_lint.tests.downstream.test_metadata_agreements.TestFontOnDiskFamilyEqualToMetadataJSON.test_font_on_disk_family_equal_in_metadata_json(): OK
bakery_lint.tests.downstream.test_metadata_agreements.TestPostScriptNameInMetadataEqualFontOnDisk.test_postscriptname_in_metadata_equal_to_font_on_disk(): OK
bakery_lint.tests.downstream.test_metadata_agreements.CheckMetadataAgreements.test_font_name_matches_family(): OK
bakery_lint.tests.downstream.test_metadata_agreements.CheckMetadataAgreements.test_metadata_family_values_are_all_the_same(): OK
bakery_lint.tests.downstream.test_metadata_agreements.CheckMetadataAgreements.test_metadata_filename_matches_postscriptname(): FAIL
bakery_lint.tests.downstream.test_metadata_agreements.CheckMetadataAgreements.test_metadata_font_have_regular(): OK
bakery_lint.tests.downstream.test_metadata_agreements.CheckMetadataAgreements.test_metadata_fonts_fields_have_fontname(): OK
bakery_lint.tests.downstream.test_metadata_agreements.CheckMetadataAgreements.test_metadata_fullname_is_equal_to_internal_font_fullname(): OK
bakery_lint.tests.downstream.test_metadata_agreements.CheckMetadataAgreements.test_metadata_fullname_matches_postScriptName(): OK
bakery_lint.tests.downstream.test_metadata_agreements.CheckMetadataAgreements.test_metadata_regular_is_400(): OK
bakery_lint.tests.downstream.test_metadata_agreements.CheckMetadataAgreements.test_metadata_regular_is_normal(): FAIL
bakery_lint.tests.downstream.test_check_canonical_weights.CheckCanonicalWeights.test_check_canonical_weights(): OK
bakery_lint.tests.downstream.test_check_canonical_weights.CheckPostScriptNameMatchesWeight.test_postscriptname_contains_correct_weight(): FAIL
bakery_lint.tests.downstream.test_check_canonical_weights.CheckFontWeightSameAsInMetadata.test_font_weight_same_as_in_metadata(): OK
bakery_lint.tests.downstream.test_check_canonical_weights.CheckFullNameEqualCanonicalName.test_metadata_contains_current_font(): OK
{
  "name": "Rokkitt", 
  "designer": "Vernon Adams", 
  "license": "OFL", 
  "visibility": "External", 
  "category": "Serif", 
  "size": 27349, 
  "fonts": [
    {
      "name": "Rokkitt", 
      "postScriptName": "Rokkitt-Bold", 
      "fullName": "Rokkitt Bold", 
      "style": "normal", 
      "weight": 700, 
      "filename": "Rokkitt-Bold-TTF.ttf", 
      "copyright": "Copyright (c) 2011 by vernon adams. All rights reserved. with\nReserved Font Names \"Tienne\" and \"Tienne Regular\". This\nFont Software is licensed under the SIL Open Font License, Version\n1.1. This license is available with a FAQ at:\nhttp://scripts.sil.org/OFL"
    }, 
    {
      "name": "Rokkitt", 
      "postScriptName": "Rokkitt-Light", 
      "fullName": "Rokkitt Light", 
      "style": "normal", 
      "weight": 250, 
      "filename": "Rokkitt-Light-TTF.ttf", 
      "copyright": "Copyright (c) 2011 by vernon adams. All rights reserved."
    }, 
    {
      "name": "Rokkitt", 
      "postScriptName": "Rokkitt-Regular", 
      "fullName": "Rokkitt", 
      "style": "normal", 
      "weight": 400, 
      "filename": "Rokkitt-Regular-TTF.ttf", 
      "copyright": "Copyright (c) 2011 by vernon adams. All rights reserved."
    }, 
    {
      "name": "Rokkitt", 
      "postScriptName": "Rokkitt-Bold", 
      "fullName": "Rokkitt Bold", 
      "style": "normal", 
      "weight": 700, 
      "filename": "Rokkitt-Bold.ttf", 
      "copyright": "Copyright (c) 2011 by vernon adams. All rights reserved."
    }, 
    {
      "name": "Rokkitt", 
      "postScriptName": "Rokkitt-Light", 
      "fullName": "Rokkitt Light", 
      "style": "normal", 
      "weight": 300, 
      "filename": "Rokkitt-Light.ttf", 
      "copyright": "Copyright (c) 2011 by vernon adams. All rights reserved."
    }, 
    {
      "name": "Rokkitt", 
      "postScriptName": "Rokkitt", 
      "fullName": "Rokkitt", 
      "style": "normal", 
      "weight": 400, 
      "filename": "Rokkitt-Regular.ttf", 
      "copyright": "Copyright (c) 2011 by vernon adams. All rights reserved."
    }
  ], 
  "subsets": [
    "latin", 
    "menu"
  ], 
  "dateAdded": "2011-07-27"
}
